OpenROAD v2.0-19576-gec1bf1a13 
Features included (+) or not (-): +GPU +GUI +Python : None
This program is licensed under the BSD-3 license. See the LICENSE file for details.
Components of this program may be licensed under more restrictive licenses which must be honored.
[INFO ORD-0030] Using 32 thread(s).
read_liberty /work/ece260c-lab1-ShijieSun/section3/OpenROAD-flow-scripts/flow/platforms/ihp-sg13g2/lib/sg13g2_stdcell_typ_1p20V_25C.lib
[INFO ODB-0227] LEF file: /work/ece260c-lab1-ShijieSun/section3/OpenROAD-flow-scripts/flow/platforms/ihp-sg13g2/lef/sg13g2_tech.lef, created 19 layers, 300 vias
[INFO ODB-0227] LEF file: /work/ece260c-lab1-ShijieSun/section3/OpenROAD-flow-scripts/flow/platforms/ihp-sg13g2/lef/sg13g2_stdcell.lef, created 78 library cells

==========================================================================
Floorplan check_setup
--------------------------------------------------------------------------
Warning: There are 112 unconstrained endpoints.
number instances in verilog is 760
[WARNING IFP-0028] Core area lower left (16.500, 16.500) snapped to (16.800, 18.900).
[INFO IFP-0001] Added 41 rows of 331 site CoreSite.
source /work/ece260c-lab1-ShijieSun/section3/OpenROAD-flow-scripts/flow/platforms/ihp-sg13g2/make_tracks.tcl
Repair tie lo fanout...
[INFO RSZ-0042] Inserted 112 tie sg13g2_tielo instances.
Repair tie hi fanout...
[INFO RSZ-0042] Inserted 80 tie sg13g2_tiehi instances.
repair_timing -setup -verbose -setup_margin 0 -repair_tns 100 -skip_last_gasp -match_cell_footprint
[WARNING RSZ-0021] no estimated parasitics. Using wire load models.
[INFO RSZ-0098] No setup violations found
Default units for flow
 time 1ns
 capacitance 1pF
 resistance 1kohm
 voltage 1v
 current 1uA
 power 1pW
 distance 1um
Report metrics stage 2, floorplan final...

==========================================================================
floorplan final report_design_area
--------------------------------------------------------------------------
Design area 11538 u^2 47% utilization.
Elapsed time: 0:00.74[h:]min:sec. CPU time: user 0.27 sys 0.69 (129%). Peak memory: 113664KB.
Log                        Elapsed/s Peak Memory/MB  sha1sum .odb [0:20)
2_1_floorplan                      0            111 95811790ca15105a91c0
