OpenROAD v2.0-19576-gec1bf1a13 
Features included (+) or not (-): +GPU +GUI +Python : None
This program is licensed under the BSD-3 license. See the LICENSE file for details.
Components of this program may be licensed under more restrictive licenses which must be honored.
[INFO ORD-0030] Using 32 thread(s).
read_liberty /work/ece260c-lab1-ShijieSun/section3/OpenROAD-flow-scripts/flow/platforms/ihp-sg13g2/lib/sg13g2_stdcell_typ_1p20V_25C.lib
Perform buffer insertion and gate resizing...
repair_design -verbose -match_cell_footprint
[INFO RSZ-0058] Using max wire length 1163um.
Iteration |   Area    | Resized | Buffers | Nets repaired | Remaining
---------------------------------------------------------------------
        0 |     +0.0% |       0 |       0 |             0 |      1060
       10 |     +0.0% |       0 |       0 |             0 |      1050
       20 |     +0.0% |       0 |       0 |             0 |      1040
       30 |     +0.0% |       0 |       0 |             0 |      1030
       40 |     +0.0% |       0 |       0 |             0 |      1020
       50 |     +0.0% |       0 |       0 |             0 |      1010
       60 |     +0.0% |       0 |       0 |             0 |      1000
       70 |     +0.0% |       0 |       0 |             0 |       990
       80 |     +0.0% |       0 |       0 |             0 |       980
       90 |     +0.0% |       0 |       0 |             0 |       970
      100 |     +0.0% |       0 |       0 |             0 |       960
      110 |     +0.0% |       0 |       0 |             0 |       950
      120 |     +0.0% |       0 |       0 |             0 |       940
      130 |     +0.0% |       0 |       0 |             0 |       930
      140 |     +0.0% |       0 |       0 |             0 |       920
      150 |     +0.0% |       0 |       0 |             0 |       910
      160 |     +0.0% |       0 |       0 |             0 |       900
      170 |     +0.0% |       0 |       0 |             0 |       890
      180 |     +0.0% |       0 |       0 |             0 |       880
      190 |     +0.0% |       0 |       0 |             0 |       870
      200 |     +0.0% |       0 |       0 |             0 |       860
      210 |     +0.0% |       0 |       0 |             0 |       850
      220 |     +0.0% |       0 |       0 |             0 |       840
      230 |     +0.0% |       0 |       0 |             0 |       830
      240 |     +0.0% |       0 |       0 |             0 |       820
      250 |     +0.0% |       0 |       0 |             0 |       810
      260 |     +0.0% |       0 |       0 |             0 |       800
      270 |     +0.0% |       0 |       0 |             0 |       790
      280 |     +0.0% |       0 |       0 |             0 |       780
      290 |     +0.0% |       0 |       0 |             0 |       770
      300 |     +0.0% |       0 |       0 |             0 |       760
      310 |     +0.0% |       0 |       0 |             0 |       750
      320 |     +0.0% |       0 |       0 |             0 |       740
      330 |     +0.0% |       0 |       0 |             0 |       730
      340 |     +0.1% |       1 |       0 |             0 |       720
      350 |     +0.1% |       1 |       0 |             0 |       710
      360 |     +0.1% |       1 |       0 |             0 |       700
      370 |     +0.1% |       1 |       0 |             0 |       690
      380 |     +0.1% |       1 |       0 |             0 |       680
      390 |     +0.1% |       1 |       0 |             0 |       670
      400 |     +0.1% |       1 |       0 |             0 |       660
      410 |     +0.1% |       2 |       0 |             0 |       650
      420 |     +0.0% |       3 |       0 |             0 |       640
      430 |     +0.1% |       4 |       0 |             0 |       630
      440 |     +0.1% |       4 |       0 |             0 |       620
      450 |     +0.1% |       4 |       0 |             0 |       610
      460 |     +0.1% |       4 |       0 |             0 |       600
      470 |     +0.1% |       4 |       0 |             0 |       590
      480 |     +0.1% |       4 |       0 |             0 |       580
      490 |     +0.1% |       4 |       0 |             0 |       570
      500 |     +0.1% |       7 |       0 |             0 |       560
      510 |     +0.1% |       8 |       0 |             0 |       550
      520 |     +0.1% |       8 |       0 |             0 |       540
      530 |     +0.1% |       8 |       0 |             0 |       530
      540 |     +0.1% |       8 |       0 |             0 |       520
      550 |     +0.1% |       8 |       0 |             0 |       510
      560 |     +0.1% |       8 |       0 |             0 |       500
      570 |     +0.1% |       8 |       0 |             0 |       490
      580 |     +0.1% |       8 |       0 |             0 |       480
      590 |     +0.1% |       8 |       0 |             0 |       470
      600 |     +0.1% |       8 |       0 |             0 |       460
      610 |     +0.1% |       8 |       0 |             0 |       450
      620 |     +0.1% |       8 |       0 |             0 |       440
      630 |     +0.1% |       8 |       0 |             0 |       430
      640 |     +0.1% |       8 |       0 |             0 |       420
      650 |     +0.1% |       8 |       0 |             0 |       410
      660 |     +0.1% |       8 |       0 |             0 |       400
      670 |     +0.1% |       8 |       0 |             0 |       390
      680 |     +0.1% |       8 |       0 |             0 |       380
      690 |     +0.1% |       8 |       0 |             0 |       370
      700 |     +0.1% |       8 |       0 |             0 |       360
      710 |     +0.1% |       8 |       0 |             0 |       350
      720 |     +0.1% |       8 |       0 |             0 |       340
      730 |     +0.1% |       8 |       0 |             0 |       330
      740 |     +0.1% |       8 |       0 |             0 |       320
      750 |     +0.1% |       8 |       0 |             0 |       310
      760 |     +0.1% |       8 |       0 |             0 |       300
      770 |     +0.1% |       8 |       0 |             0 |       290
      780 |     +0.1% |       8 |       0 |             0 |       280
      790 |     +0.1% |       8 |       0 |             0 |       270
      800 |     +0.1% |       8 |       0 |             0 |       260
      810 |     +0.1% |       8 |       0 |             0 |       250
      820 |     +0.1% |       8 |       0 |             0 |       240
      830 |     +0.1% |       8 |       0 |             0 |       230
      840 |     +0.1% |       8 |       0 |             0 |       220
      850 |     +0.1% |       8 |       0 |             0 |       210
      860 |     +0.1% |       8 |       0 |             0 |       200
      870 |     +0.1% |       8 |       0 |             0 |       190
      880 |     +0.1% |       8 |       0 |             0 |       180
      890 |     +0.1% |       8 |       0 |             0 |       170
      900 |     +0.1% |       8 |       0 |             0 |       160
      910 |     +0.1% |       8 |       0 |             0 |       150
      920 |     +0.1% |       8 |       0 |             0 |       140
      930 |     +0.1% |       8 |       0 |             0 |       130
      940 |     +0.1% |       8 |       0 |             0 |       120
      950 |     +0.1% |       8 |       0 |             0 |       110
      960 |     +0.1% |       8 |       0 |             0 |       100
      970 |     +0.1% |       8 |       0 |             0 |        90
      980 |     +0.1% |       8 |       0 |             0 |        80
      990 |     +0.1% |       8 |       0 |             0 |        70
     1000 |     +0.1% |       8 |       0 |             0 |        60
     1010 |     +0.1% |       8 |       0 |             0 |        50
     1020 |     +0.1% |       8 |       0 |             0 |        40
     1030 |     +0.1% |       8 |       0 |             0 |        30
     1040 |     +0.1% |       8 |       0 |             0 |        20
     1050 |     +0.1% |       8 |       0 |             0 |        10
     1060 |     +0.1% |       8 |       0 |             0 |         0
    final |     +0.1% |       8 |       0 |             0 |         0
---------------------------------------------------------------------
[INFO RSZ-0039] Resized 8 instances.
Floating nets: 
Report metrics stage 3, resizer...

==========================================================================
resizer report_design_area
--------------------------------------------------------------------------
Design area 10698 u^2 43% utilization.
Instance count before 849, after 849
Pin count before 2506, after 2506
Elapsed time: 0:01.91[h:]min:sec. CPU time: user 0.52 sys 2.13 (139%). Peak memory: 295944KB.
Log                        Elapsed/s Peak Memory/MB  sha1sum .odb [0:20)
3_4_place_resized                  1            289 f93c3f081cbb73662fa4
