OpenROAD v2.0-19576-gec1bf1a13 
Features included (+) or not (-): +GPU +GUI +Python : None
This program is licensed under the BSD-3 license. See the LICENSE file for details.
Components of this program may be licensed under more restrictive licenses which must be honored.
[INFO ORD-0030] Using 32 thread(s).
read_liberty /work/ece260c-lab1-ShijieSun/section3/OpenROAD-flow-scripts/flow/platforms/ihp-sg13g2/lib/sg13g2_stdcell_typ_1p20V_25C.lib
clock_tree_synthesis -sink_clustering_enable -balance_levels -sink_clustering_size 50 -sink_clustering_max_diameter 20
[INFO CTS-0050] Root buffer is sg13g2_buf_8.
[INFO CTS-0051] Sink buffer is sg13g2_buf_16.
[INFO CTS-0052] The following clock buffers will be used for CTS:
                    sg13g2_buf_8
                    sg13g2_buf_16
[INFO CTS-0049] Characterization buffer is sg13g2_buf_16.
[INFO CTS-0007] Net "clk" found for clock "core_clock".
[INFO CTS-0010]  Clock net "clk" has 80 sinks.
[INFO CTS-0008] TritonCTS found 1 clock nets.
[INFO CTS-0097] Characterization used 2 buffer(s) types.
[INFO CTS-0200] 0 placement blockages have been identified.
[INFO CTS-0201] 0 placed hard macros will be treated like blockages.
[INFO CTS-0027] Generating H-Tree topology for net clk.
[INFO CTS-0028]  Total number of sinks: 80.
[INFO CTS-0029]  Sinks will be clustered in groups of up to 8 and with maximum cluster diameter of 20.0 um.
[INFO CTS-0030]  Number of static layers: 0.
[INFO CTS-0020]  Wire segment unit: 18900  dbu (18 um).
[INFO CTS-0023]  Original sink region: [(21523, 35782), (164563, 164302)].
[INFO CTS-0024]  Normalized sink region: [(1.13878, 1.89323), (8.70704, 8.69323)].
[INFO CTS-0025]     Width:  7.5683.
[INFO CTS-0026]     Height: 6.8000.
 Level 1
    Direction: Horizontal
    Sinks per sub-region: 40
    Sub-region size: 3.7841 X 6.8000
[INFO CTS-0034]     Segment length (rounded): 2.
 Level 2
    Direction: Vertical
    Sinks per sub-region: 20
    Sub-region size: 3.7841 X 3.4000
[INFO CTS-0034]     Segment length (rounded): 1.
 Level 3
    Direction: Horizontal
    Sinks per sub-region: 10
    Sub-region size: 1.8921 X 3.4000
[INFO CTS-0034]     Segment length (rounded): 1.
 Level 4
    Direction: Vertical
    Sinks per sub-region: 5
    Sub-region size: 1.8921 X 1.7000
[INFO CTS-0034]     Segment length (rounded): 1.
[INFO CTS-0032]  Stop criterion found. Max number of sinks is 8.
[INFO CTS-0035]  Number of sinks covered: 80.
[INFO CTS-0018]     Created 17 clock buffers.
[INFO CTS-0012]     Minimum number of buffers in the clock path: 2.
[INFO CTS-0013]     Maximum number of buffers in the clock path: 2.
[INFO CTS-0015]     Created 17 clock nets.
[INFO CTS-0016]     Fanout distribution for the current clock = 5:16..
[INFO CTS-0017]     Max level of the clock tree: 4.
[INFO CTS-0098] Clock net "clk"
[INFO CTS-0099]  Sinks 80
[INFO CTS-0100]  Leaf buffers 0
[INFO CTS-0101]  Average sink wire length 239.50 um
[INFO CTS-0102]  Path depth 2 - 2
[INFO CTS-0207]  Leaf load cells 0
Placement Analysis
---------------------------------
total displacement        250.5 u
average displacement        0.3 u
max displacement            8.1 u
original HPWL           16154.1 u
legalized HPWL          16704.7 u
delta HPWL                    3 %

repair_timing -verbose -setup_margin 0 -repair_tns 100 -match_cell_footprint
[INFO RSZ-0098] No setup violations found
[INFO RSZ-0033] No hold violations found.
Placement Analysis
---------------------------------
total displacement          0.0 u
average displacement        0.0 u
max displacement            0.0 u
original HPWL           16704.7 u
legalized HPWL          16704.7 u
delta HPWL                    0 %

Report metrics stage 4, cts final...

==========================================================================
cts final report_design_area
--------------------------------------------------------------------------
Design area 11447 u^2 46% utilization.
Elapsed time: 0:03.24[h:]min:sec. CPU time: user 1.97 sys 2.03 (123%). Peak memory: 217424KB.
Log                        Elapsed/s Peak Memory/MB  sha1sum .odb [0:20)
4_1_cts                            3            212 3dd9f80014f44f01091b
