OpenROAD v2.0-19576-gec1bf1a13 
Features included (+) or not (-): +GPU +GUI +Python : None
This program is licensed under the BSD-3 license. See the LICENSE file for details.
Components of this program may be licensed under more restrictive licenses which must be honored.
[INFO ORD-0030] Using 32 thread(s).
read_liberty /work/ece260c-lab1-ShijieSun/section3/OpenROAD-flow-scripts/flow/platforms/ihp-sg13g2/lib/sg13g2_stdcell_typ_1p20V_25C.lib
[INFO DRT-0149] Reading tech and libs.
[WARNING DRT-0349] LEF58_ENCLOSURE with no CUTCLASS is not supported. Skipping for layer Cont
[WARNING DRT-0349] LEF58_ENCLOSURE with no CUTCLASS is not supported. Skipping for layer Via1
[WARNING DRT-0349] LEF58_ENCLOSURE with no CUTCLASS is not supported. Skipping for layer Via1
[WARNING DRT-0349] LEF58_ENCLOSURE with no CUTCLASS is not supported. Skipping for layer Via2
[WARNING DRT-0349] LEF58_ENCLOSURE with no CUTCLASS is not supported. Skipping for layer Via3
[WARNING DRT-0349] LEF58_ENCLOSURE with no CUTCLASS is not supported. Skipping for layer Via4
[WARNING DRT-0349] LEF58_ENCLOSURE with no CUTCLASS is not supported. Skipping for layer TopVia1
[WARNING DRT-0349] LEF58_ENCLOSURE with no CUTCLASS is not supported. Skipping for layer TopVia1
[WARNING DRT-0349] LEF58_ENCLOSURE with no CUTCLASS is not supported. Skipping for layer TopVia2
[WARNING DRT-0349] LEF58_ENCLOSURE with no CUTCLASS is not supported. Skipping for layer TopVia2

Units:                1000
Number of layers:     15
Number of macros:     78
Number of vias:       312
Number of viarulegen: 6

[INFO DRT-0150] Reading design.

Design:                   asqrt_top
Die area:                 ( 0 0 ) ( 192365 192365 )
Number of track patterns: 14
Number of DEF vias:       0
Number of components:     866
Number of terminals:      260
Number of snets:          2
Number of nets:           1077

[INFO DRT-0167] List of default vias:
  Layer Via2
    default via: Via2_YX_so
  Layer Via3
    default via: Via3_YX_so
  Layer Via4
    default via: Via4_YX_so
  Layer TopVia1
    default via: TopVia1EWNS
  Layer TopVia2
    default via: TopVia2EWNS
[INFO DRT-0162] Library cell analysis.
[INFO DRT-0163] Instance analysis.
[INFO DRT-0164] Number of unique instances = 71.
[INFO DRT-0168] Init region query.
[INFO DRT-0024]   Complete GatPoly.
[INFO DRT-0024]   Complete Cont.
[INFO DRT-0024]   Complete Metal1.
[INFO DRT-0024]   Complete Via1.
[INFO DRT-0024]   Complete Metal2.
[INFO DRT-0024]   Complete Via2.
[INFO DRT-0024]   Complete Metal3.
[INFO DRT-0024]   Complete Via3.
[INFO DRT-0024]   Complete Metal4.
[INFO DRT-0024]   Complete Via4.
[INFO DRT-0024]   Complete Metal5.
[INFO DRT-0024]   Complete TopVia1.
[INFO DRT-0024]   Complete TopMetal1.
[INFO DRT-0024]   Complete TopVia2.
[INFO DRT-0024]   Complete TopMetal2.
[INFO DRT-0033] GatPoly shape region query size = 0.
[INFO DRT-0033] Cont shape region query size = 0.
[INFO DRT-0033] Metal1 shape region query size = 21056.
[INFO DRT-0033] Via1 shape region query size = 1924.
[INFO DRT-0033] Metal2 shape region query size = 761.
[INFO DRT-0033] Via2 shape region query size = 1428.
[INFO DRT-0033] Metal3 shape region query size = 523.
[INFO DRT-0033] Via3 shape region query size = 1428.
[INFO DRT-0033] Metal4 shape region query size = 336.
[INFO DRT-0033] Via4 shape region query size = 1428.
[INFO DRT-0033] Metal5 shape region query size = 208.
[INFO DRT-0033] TopVia1 shape region query size = 336.
[INFO DRT-0033] TopMetal1 shape region query size = 40.
[INFO DRT-0033] TopVia2 shape region query size = 0.
[INFO DRT-0033] TopMetal2 shape region query size = 0.
[INFO DRT-0165] Start pin access.
[INFO DRT-0078]   Complete 382 pins.
[INFO DRT-0081]   Complete 71 unique inst patterns.
[INFO DRT-0084]   Complete 461 groups.
#scanned instances     = 866
#unique  instances     = 71
#stdCellGenAp          = 2818
#stdCellValidPlanarAp  = 64
#stdCellValidViaAp     = 1916
#stdCellPinNoAp        = 0
#stdCellPinCnt         = 2540
#instTermValidViaApCnt = 0
#macroGenAp            = 0
#macroValidPlanarAp    = 0
#macroValidViaAp       = 0
#macroNoAp             = 0
[INFO DRT-0166] Complete pin access.
[INFO DRT-0267] cpu time = 00:00:25, elapsed time = 00:00:02, memory = 111.61 (MB), peak = 111.36 (MB)
global_route -congestion_report_file ./reports/ihp-sg13g2/asqrt_top/base/congestion.rpt -congestion_iterations 30 -congestion_report_iter_step 5 -verbose
[INFO GRT-0020] Min routing layer: Metal2
[INFO GRT-0021] Max routing layer: Metal5
[INFO GRT-0022] Global adjustment: 0%
[INFO GRT-0023] Grid origin: (0, 0)
[INFO GRT-0043] No OR_DEFAULT vias defined.
[INFO GRT-0088] Layer Metal1  Track-Pitch = 0.4800  line-2-Via Pitch: 0.3650
[INFO GRT-0088] Layer Metal2  Track-Pitch = 0.4200  line-2-Via Pitch: 0.4100
[INFO GRT-0088] Layer Metal3  Track-Pitch = 0.4800  line-2-Via Pitch: 0.4100
[INFO GRT-0088] Layer Metal4  Track-Pitch = 0.4200  line-2-Via Pitch: 0.4100
[INFO GRT-0088] Layer Metal5  Track-Pitch = 3.4800  line-2-Via Pitch: 0.4100
[INFO GRT-0003] Macros: 0
[INFO GRT-0043] No OR_DEFAULT vias defined.
[INFO GRT-0004] Blockages: 16
[INFO GRT-0019] Found 18 clock nets.
[INFO GRT-0001] Minimum degree: 2
[INFO GRT-0002] Maximum degree: 17

[INFO GRT-0053] Routing resources analysis:
          Routing      Original      Derated      Resource
Layer     Direction    Resources     Resources    Reduction (%)
---------------------------------------------------------------
Metal1     Vertical            0             0          0.00%
Metal2     Horizontal      11804         10347          12.34%
Metal3     Vertical        10400          8359          19.63%
Metal4     Horizontal      11804         10546          10.66%
Metal5     Vertical         1378           577          58.13%
---------------------------------------------------------------

[INFO GRT-0197] Via related to pin nodes: 3954
[INFO GRT-0198] Via related Steiner nodes: 83
[INFO GRT-0199] Via filling finished.
[INFO GRT-0111] Final number of vias: 4938
[INFO GRT-0112] Final usage 3D: 17327

[INFO GRT-0096] Final congestion report:
Layer         Resource        Demand        Usage (%)    Max H / Max V / Total Overflow
---------------------------------------------------------------------------------------
Metal1               0             0            0.00%             0 /  0 /  0
Metal2           10347          1280           12.37%             0 /  0 /  0
Metal3            8359          1233           14.75%             0 /  0 /  0
Metal4           10546             0            0.00%             0 /  0 /  0
Metal5             577             0            0.00%             0 /  0 /  0
---------------------------------------------------------------------------------------
Total            29829          2513            8.42%             0 /  0 /  0

[INFO GRT-0018] Total wirelength: 30924 um
[INFO GRT-0014] Routed nets: 916
Perform buffer insertion and gate resizing...
repair_design -verbose
[INFO RSZ-0058] Using max wire length 1163um.
Iteration |   Area    | Resized | Buffers | Nets repaired | Remaining
---------------------------------------------------------------------
        0 |     +0.0% |       0 |       0 |             0 |      1077
       10 |     +0.0% |       0 |       0 |             0 |      1067
       20 |     +0.0% |       0 |       0 |             0 |      1057
       30 |     +0.0% |       0 |       0 |             0 |      1047
       40 |     +0.0% |       0 |       0 |             0 |      1037
       50 |     +0.0% |       0 |       0 |             0 |      1027
       60 |     +0.0% |       0 |       0 |             0 |      1017
       70 |     +0.0% |       0 |       0 |             0 |      1007
       80 |     +0.0% |       0 |       0 |             0 |       997
       90 |     +0.0% |       0 |       0 |             0 |       987
      100 |     +0.0% |       0 |       0 |             0 |       977
      110 |     +0.0% |       0 |       0 |             0 |       967
      120 |     +0.0% |       0 |       0 |             0 |       957
      130 |     +0.0% |       0 |       0 |             0 |       947
      140 |     +0.0% |       0 |       0 |             0 |       937
      150 |     +0.0% |       0 |       0 |             0 |       927
      160 |     +0.0% |       0 |       0 |             0 |       917
      170 |     +0.0% |       0 |       0 |             0 |       907
      180 |     +0.0% |       0 |       0 |             0 |       897
      190 |     +0.0% |       0 |       0 |             0 |       887
      200 |     +0.0% |       0 |       0 |             0 |       877
      210 |     +0.0% |       0 |       0 |             0 |       867
      220 |     +0.0% |       0 |       0 |             0 |       857
      230 |     +0.0% |       0 |       0 |             0 |       847
      240 |     +0.0% |       0 |       0 |             0 |       837
      250 |     +0.0% |       0 |       0 |             0 |       827
      260 |     +0.0% |       0 |       0 |             0 |       817
      270 |     +0.0% |       0 |       0 |             0 |       807
      280 |     +0.0% |       0 |       0 |             0 |       797
      290 |     +0.0% |       0 |       0 |             0 |       787
      300 |     +0.0% |       0 |       0 |             0 |       777
      310 |     +0.0% |       0 |       0 |             0 |       767
      320 |     +0.0% |       0 |       0 |             0 |       757
      330 |     +0.0% |       0 |       0 |             0 |       747
      340 |     +0.0% |       0 |       0 |             0 |       737
      350 |     +0.0% |       0 |       0 |             0 |       727
      360 |     +0.0% |       0 |       0 |             0 |       717
      370 |     +0.0% |       0 |       0 |             0 |       707
      380 |     +0.0% |       0 |       0 |             0 |       697
      390 |     +0.0% |       0 |       0 |             0 |       687
      400 |     +0.0% |       0 |       0 |             0 |       677
      410 |     +0.0% |       0 |       0 |             0 |       667
      420 |     +0.0% |       0 |       0 |             0 |       657
      430 |     +0.0% |       0 |       0 |             0 |       647
      440 |     +0.0% |       0 |       0 |             0 |       637
      450 |     +0.0% |       0 |       0 |             0 |       627
      460 |     +0.0% |       0 |       0 |             0 |       617
      470 |     +0.0% |       0 |       0 |             0 |       607
      480 |     +0.0% |       0 |       0 |             0 |       597
      490 |     +0.0% |       0 |       0 |             0 |       587
      500 |     +0.0% |       0 |       0 |             0 |       577
      510 |     +0.0% |       0 |       0 |             0 |       567
      520 |     +0.0% |       0 |       0 |             0 |       557
      530 |     +0.0% |       0 |       0 |             0 |       547
      540 |     +0.0% |       0 |       0 |             0 |       537
      550 |     +0.0% |       0 |       0 |             0 |       527
      560 |     +0.0% |       0 |       0 |             0 |       517
      570 |     +0.0% |       0 |       0 |             0 |       507
      580 |     +0.0% |       0 |       0 |             0 |       497
      590 |     +0.0% |       0 |       0 |             0 |       487
      600 |     +0.0% |       0 |       0 |             0 |       477
      610 |     +0.0% |       0 |       0 |             0 |       467
      620 |     +0.0% |       0 |       0 |             0 |       457
      630 |     +0.0% |       0 |       0 |             0 |       447
      640 |     +0.0% |       0 |       0 |             0 |       437
      650 |     +0.0% |       0 |       0 |             0 |       427
      660 |     +0.0% |       0 |       0 |             0 |       417
      670 |     +0.0% |       0 |       0 |             0 |       407
      680 |     +0.0% |       0 |       0 |             0 |       397
      690 |     +0.0% |       0 |       0 |             0 |       387
      700 |     +0.0% |       0 |       0 |             0 |       377
      710 |     +0.0% |       0 |       0 |             0 |       367
      720 |     +0.0% |       0 |       0 |             0 |       357
      730 |     +0.0% |       0 |       0 |             0 |       347
      740 |     +0.0% |       0 |       0 |             0 |       337
      750 |     +0.0% |       0 |       0 |             0 |       327
      760 |     +0.0% |       0 |       0 |             0 |       317
      770 |     +0.0% |       0 |       0 |             0 |       307
      780 |     +0.0% |       0 |       0 |             0 |       297
      790 |     +0.0% |       0 |       0 |             0 |       287
      800 |     +0.0% |       0 |       0 |             0 |       277
      810 |     +0.0% |       0 |       0 |             0 |       267
      820 |     +0.0% |       0 |       0 |             0 |       257
      830 |     +0.0% |       0 |       0 |             0 |       247
      840 |     +0.0% |       0 |       0 |             0 |       237
      850 |     +0.0% |       0 |       0 |             0 |       227
      860 |     +0.0% |       0 |       0 |             0 |       217
      870 |     +0.0% |       0 |       0 |             0 |       207
      880 |     +0.0% |       0 |       0 |             0 |       197
      890 |     +0.0% |       0 |       0 |             0 |       187
      900 |     +0.0% |       0 |       0 |             0 |       177
      910 |     +0.0% |       0 |       0 |             0 |       167
      920 |     +0.0% |       0 |       0 |             0 |       157
      930 |     +0.0% |       0 |       0 |             0 |       147
      940 |     +0.0% |       0 |       0 |             0 |       137
      950 |     +0.0% |       0 |       0 |             0 |       127
      960 |     +0.0% |       0 |       0 |             0 |       117
      970 |     +0.0% |       0 |       0 |             0 |       107
      980 |     +0.0% |       0 |       0 |             0 |        97
      990 |     +0.0% |       0 |       0 |             0 |        87
     1000 |     +0.0% |       0 |       0 |             0 |        77
     1010 |     +0.0% |       0 |       0 |             0 |        67
     1020 |     +0.0% |       0 |       0 |             0 |        57
     1030 |     +0.0% |       0 |       0 |             0 |        47
     1040 |     +0.0% |       0 |       0 |             0 |        37
     1050 |     +0.0% |       0 |       0 |             0 |        27
     1060 |     +0.0% |       0 |       0 |             0 |        17
     1070 |     +0.0% |       0 |       0 |             0 |         7
    final |     +0.0% |       0 |       0 |             0 |         0
---------------------------------------------------------------------
global_route -start_incremental
detailed_placement
Placement Analysis
---------------------------------
total displacement          0.0 u
average displacement        0.0 u
max displacement            0.0 u
original HPWL           16704.7 u
legalized HPWL          16704.7 u
delta HPWL                    0 %

global_route -end_incremental -congestion_report_file ./reports/ihp-sg13g2/asqrt_top/base/congestion_post_repair_design.rpt
Repair setup and hold violations...
repair_timing -verbose -setup_margin 0 -repair_tns 100
[INFO RSZ-0098] No setup violations found
[INFO RSZ-0033] No hold violations found.
global_route -start_incremental
detailed_placement
Placement Analysis
---------------------------------
total displacement          0.0 u
average displacement        0.0 u
max displacement            0.0 u
original HPWL           16704.7 u
legalized HPWL          16704.7 u
delta HPWL                    0 %

global_route -end_incremental -congestion_report_file ./reports/ihp-sg13g2/asqrt_top/base/congestion_post_repair_timing.rpt
global_route -start_incremental
global_route -end_incremental -congestion_report_file ./reports/ihp-sg13g2/asqrt_top/base/congestion_post_recover_power.rpt
Repair antennas...
[INFO GRT-0012] Found 0 antenna violations.
[INFO ANT-0002] Found 0 net violations.
[INFO ANT-0001] Found 0 pin violations.
Estimate parasitics...
Report metrics stage 5, global route...

==========================================================================
global route report_design_area
--------------------------------------------------------------------------
Design area 11447 u^2 46% utilization.
[INFO FLW-0007] clock core_clock period 5.000000
[INFO FLW-0008] Clock core_clock period 2.171
[INFO FLW-0009] Clock core_clock slack 2.715
[INFO FLW-0011] Path endpoint path count 162
Elapsed time: 0:05.48[h:]min:sec. CPU time: user 28.86 sys 3.11 (583%). Peak memory: 354944KB.
Log                        Elapsed/s Peak Memory/MB  sha1sum .odb [0:20)
5_1_grt                            5            346 c527f89fd7464dd0a259
