
==========================================================================
detailed place report_tns
--------------------------------------------------------------------------
tns 0.00

==========================================================================
detailed place report_wns
--------------------------------------------------------------------------
wns 0.00

==========================================================================
detailed place report_worst_slack
--------------------------------------------------------------------------
worst slack 2.93

==========================================================================
detailed place report_checks -path_delay min
--------------------------------------------------------------------------
Startpoint: genblk1[1].pipe.result[14]$_DFFE_PP_
            (rising edge-triggered flip-flop clocked by core_clock)
Endpoint: genblk1[1].pipe.result[14]$_DFFE_PP_
          (rising edge-triggered flip-flop clocked by core_clock)
Path Group: core_clock
Path Type: min

Fanout     Cap    Slew   Delay    Time   Description
-----------------------------------------------------------------------------
                  0.00    0.00    0.00   clock core_clock (rise edge)
                          0.00    0.00   clock network delay (ideal)
                  0.00    0.00    0.00 ^ genblk1[1].pipe.result[14]$_DFFE_PP_/CLK (sg13g2_dfrbp_1)
     2    0.01    0.04    0.19    0.19 v genblk1[1].pipe.result[14]$_DFFE_PP_/Q (sg13g2_dfrbp_1)
                                         net45 (net)
                  0.04    0.00    0.19 v _0843_/A (sg13g2_nand2_1)
     1    0.00    0.03    0.04    0.23 ^ _0843_/Y (sg13g2_nand2_1)
                                         _0385_ (net)
                  0.03    0.00    0.23 ^ _0844_/B1 (sg13g2_o21ai_1)
     1    0.00    0.03    0.04    0.27 v _0844_/Y (sg13g2_o21ai_1)
                                         _0048_ (net)
                  0.03    0.00    0.27 v genblk1[1].pipe.result[14]$_DFFE_PP_/D (sg13g2_dfrbp_1)
                                  0.27   data arrival time

                  0.00    0.00    0.00   clock core_clock (rise edge)
                          0.00    0.00   clock network delay (ideal)
                          0.00    0.00   clock reconvergence pessimism
                                  0.00 ^ genblk1[1].pipe.result[14]$_DFFE_PP_/CLK (sg13g2_dfrbp_1)
                         -0.04   -0.04   library hold time
                                 -0.04   data required time
-----------------------------------------------------------------------------
                                 -0.04   data required time
                                 -0.27   data arrival time
-----------------------------------------------------------------------------
                                  0.31   slack (MET)



==========================================================================
detailed place report_checks -path_delay max
--------------------------------------------------------------------------
Startpoint: ready (input port clocked by core_clock)
Endpoint: genblk1[1].pipe.result[13]$_DFFE_PP_
          (rising edge-triggered flip-flop clocked by core_clock)
Path Group: core_clock
Path Type: max

Fanout     Cap    Slew   Delay    Time   Description
-----------------------------------------------------------------------------
                  0.00    0.00    0.00   clock core_clock (rise edge)
                          0.00    0.00   clock network delay (ideal)
                          1.00    1.00 v input external delay
     1    0.02    0.00    0.00    1.00 v ready (in)
                                         ready (net)
                  0.00    0.00    1.00 v input33/A (sg13g2_buf_1)
     2    0.01    0.03    0.06    1.06 v input33/X (sg13g2_buf_1)
                                         net33 (net)
                  0.03    0.00    1.06 v fanout195/A (sg13g2_buf_4)
     8    0.04    0.05    0.10    1.16 v fanout195/X (sg13g2_buf_4)
                                         net275 (net)
                  0.05    0.00    1.16 v _0835_/A (sg13g2_and2_1)
     4    0.02    0.08    0.12    1.28 v _0835_/X (sg13g2_and2_1)
                                         _0379_ (net)
                  0.08    0.00    1.29 v fanout154/A (sg13g2_buf_4)
     8    0.04    0.04    0.12    1.40 v fanout154/X (sg13g2_buf_4)
                                         net234 (net)
                  0.04    0.00    1.40 v _0837_/B (sg13g2_nor2_2)
     4    0.02    0.09    0.09    1.50 ^ _0837_/Y (sg13g2_nor2_2)
                                         _0381_ (net)
                  0.09    0.00    1.50 ^ _0838_/C (sg13g2_nand3_1)
     6    0.03    0.27    0.26    1.75 v _0838_/Y (sg13g2_nand3_1)
                                         _0382_ (net)
                  0.27    0.00    1.76 v _0841_/S (sg13g2_mux2_1)
     1    0.00    0.04    0.19    1.95 ^ _0841_/X (sg13g2_mux2_1)
                                         _0047_ (net)
                  0.04    0.00    1.95 ^ genblk1[1].pipe.result[13]$_DFFE_PP_/D (sg13g2_dfrbp_1)
                                  1.95   data arrival time

                  0.00    5.00    5.00   clock core_clock (rise edge)
                          0.00    5.00   clock network delay (ideal)
                          0.00    5.00   clock reconvergence pessimism
                                  5.00 ^ genblk1[1].pipe.result[13]$_DFFE_PP_/CLK (sg13g2_dfrbp_1)
                         -0.12    4.88   library setup time
                                  4.88   data required time
-----------------------------------------------------------------------------
                                  4.88   data required time
                                 -1.95   data arrival time
-----------------------------------------------------------------------------
                                  2.93   slack (MET)



==========================================================================
detailed place report_checks -unconstrained
--------------------------------------------------------------------------
Startpoint: ready (input port clocked by core_clock)
Endpoint: genblk1[1].pipe.result[13]$_DFFE_PP_
          (rising edge-triggered flip-flop clocked by core_clock)
Path Group: core_clock
Path Type: max

Fanout     Cap    Slew   Delay    Time   Description
-----------------------------------------------------------------------------
                  0.00    0.00    0.00   clock core_clock (rise edge)
                          0.00    0.00   clock network delay (ideal)
                          1.00    1.00 v input external delay
     1    0.02    0.00    0.00    1.00 v ready (in)
                                         ready (net)
                  0.00    0.00    1.00 v input33/A (sg13g2_buf_1)
     2    0.01    0.03    0.06    1.06 v input33/X (sg13g2_buf_1)
                                         net33 (net)
                  0.03    0.00    1.06 v fanout195/A (sg13g2_buf_4)
     8    0.04    0.05    0.10    1.16 v fanout195/X (sg13g2_buf_4)
                                         net275 (net)
                  0.05    0.00    1.16 v _0835_/A (sg13g2_and2_1)
     4    0.02    0.08    0.12    1.28 v _0835_/X (sg13g2_and2_1)
                                         _0379_ (net)
                  0.08    0.00    1.29 v fanout154/A (sg13g2_buf_4)
     8    0.04    0.04    0.12    1.40 v fanout154/X (sg13g2_buf_4)
                                         net234 (net)
                  0.04    0.00    1.40 v _0837_/B (sg13g2_nor2_2)
     4    0.02    0.09    0.09    1.50 ^ _0837_/Y (sg13g2_nor2_2)
                                         _0381_ (net)
                  0.09    0.00    1.50 ^ _0838_/C (sg13g2_nand3_1)
     6    0.03    0.27    0.26    1.75 v _0838_/Y (sg13g2_nand3_1)
                                         _0382_ (net)
                  0.27    0.00    1.76 v _0841_/S (sg13g2_mux2_1)
     1    0.00    0.04    0.19    1.95 ^ _0841_/X (sg13g2_mux2_1)
                                         _0047_ (net)
                  0.04    0.00    1.95 ^ genblk1[1].pipe.result[13]$_DFFE_PP_/D (sg13g2_dfrbp_1)
                                  1.95   data arrival time

                  0.00    5.00    5.00   clock core_clock (rise edge)
                          0.00    5.00   clock network delay (ideal)
                          0.00    5.00   clock reconvergence pessimism
                                  5.00 ^ genblk1[1].pipe.result[13]$_DFFE_PP_/CLK (sg13g2_dfrbp_1)
                         -0.12    4.88   library setup time
                                  4.88   data required time
-----------------------------------------------------------------------------
                                  4.88   data required time
                                 -1.95   data arrival time
-----------------------------------------------------------------------------
                                  2.93   slack (MET)



==========================================================================
detailed place report_check_types -max_slew -max_cap -max_fanout -violators
--------------------------------------------------------------------------

==========================================================================
detailed place max_slew_check_slack
--------------------------------------------------------------------------
2.0763227939605713

==========================================================================
detailed place max_slew_check_limit
--------------------------------------------------------------------------
2.5074000358581543

==========================================================================
detailed place max_slew_check_slack_limit
--------------------------------------------------------------------------
0.8281

==========================================================================
detailed place max_fanout_check_slack
--------------------------------------------------------------------------
0.0

==========================================================================
detailed place max_fanout_check_limit
--------------------------------------------------------------------------
8.0

==========================================================================
detailed place max_fanout_check_slack_limit
--------------------------------------------------------------------------
0.0000

==========================================================================
detailed place max_capacitance_check_slack
--------------------------------------------------------------------------
0.260921835899353

==========================================================================
detailed place max_capacitance_check_limit
--------------------------------------------------------------------------
0.30000001192092896

==========================================================================
detailed place max_capacitance_check_slack_limit
--------------------------------------------------------------------------
0.8697

==========================================================================
detailed place max_slew_violation_count
--------------------------------------------------------------------------
max slew violation count 0

==========================================================================
detailed place max_fanout_violation_count
--------------------------------------------------------------------------
max fanout violation count 0

==========================================================================
detailed place max_cap_violation_count
--------------------------------------------------------------------------
max cap violation count 0

==========================================================================
detailed place setup_violation_count
--------------------------------------------------------------------------
setup violation count 0

==========================================================================
detailed place hold_violation_count
--------------------------------------------------------------------------
hold violation count 0

==========================================================================
detailed place report_checks -path_delay max reg to reg
--------------------------------------------------------------------------
Startpoint: genblk1[1].pipe.this_query[30]$_SDFFE_PP0P_
            (rising edge-triggered flip-flop clocked by core_clock)
Endpoint: genblk1[1].pipe.result[12]$_DFFE_PP_
          (rising edge-triggered flip-flop clocked by core_clock)
Path Group: core_clock
Path Type: max

  Delay    Time   Description
---------------------------------------------------------
   0.00    0.00   clock core_clock (rise edge)
   0.00    0.00   clock network delay (ideal)
   0.00    0.00 ^ genblk1[1].pipe.this_query[30]$_SDFFE_PP0P_/CLK (sg13g2_dfrbp_1)
   0.19    0.19 v genblk1[1].pipe.this_query[30]$_SDFFE_PP0P_/Q (sg13g2_dfrbp_1)
   0.10    0.29 v fanout175/X (sg13g2_buf_2)
   0.11    0.40 v fanout174/X (sg13g2_buf_1)
   0.13    0.53 v fanout173/X (sg13g2_buf_2)
   0.21    0.74 v _0775_/X (sg13g2_or4_1)
   0.10    0.84 ^ _0776_/Y (sg13g2_a21oi_1)
   0.07    0.91 v _0777_/Y (sg13g2_a221oi_1)
   0.29    1.21 ^ _0789_/Y (sg13g2_o21ai_1)
   0.23    1.44 v _0796_/X (sg13g2_mux2_1)
   0.17    1.61 ^ _0798_/Y (sg13g2_a221oi_1)
   0.10    1.71 v _0800_/Y (sg13g2_a21oi_1)
   0.11    1.82 ^ _0832_/Y (sg13g2_o21ai_1)
   0.11    1.93 ^ _0840_/X (sg13g2_mux2_1)
   0.00    1.93 ^ genblk1[1].pipe.result[12]$_DFFE_PP_/D (sg13g2_dfrbp_1)
           1.93   data arrival time

   5.00    5.00   clock core_clock (rise edge)
   0.00    5.00   clock network delay (ideal)
   0.00    5.00   clock reconvergence pessimism
           5.00 ^ genblk1[1].pipe.result[12]$_DFFE_PP_/CLK (sg13g2_dfrbp_1)
  -0.11    4.89   library setup time
           4.89   data required time
---------------------------------------------------------
           4.89   data required time
          -1.93   data arrival time
---------------------------------------------------------
           2.96   slack (MET)



==========================================================================
detailed place report_checks -path_delay min reg to reg
--------------------------------------------------------------------------
Startpoint: genblk1[1].pipe.result[14]$_DFFE_PP_
            (rising edge-triggered flip-flop clocked by core_clock)
Endpoint: genblk1[1].pipe.result[14]$_DFFE_PP_
          (rising edge-triggered flip-flop clocked by core_clock)
Path Group: core_clock
Path Type: min

  Delay    Time   Description
---------------------------------------------------------
   0.00    0.00   clock core_clock (rise edge)
   0.00    0.00   clock network delay (ideal)
   0.00    0.00 ^ genblk1[1].pipe.result[14]$_DFFE_PP_/CLK (sg13g2_dfrbp_1)
   0.19    0.19 v genblk1[1].pipe.result[14]$_DFFE_PP_/Q (sg13g2_dfrbp_1)
   0.04    0.23 ^ _0843_/Y (sg13g2_nand2_1)
   0.04    0.27 v _0844_/Y (sg13g2_o21ai_1)
   0.00    0.27 v genblk1[1].pipe.result[14]$_DFFE_PP_/D (sg13g2_dfrbp_1)
           0.27   data arrival time

   0.00    0.00   clock core_clock (rise edge)
   0.00    0.00   clock network delay (ideal)
   0.00    0.00   clock reconvergence pessimism
           0.00 ^ genblk1[1].pipe.result[14]$_DFFE_PP_/CLK (sg13g2_dfrbp_1)
  -0.04   -0.04   library hold time
          -0.04   data required time
---------------------------------------------------------
          -0.04   data required time
          -0.27   data arrival time
---------------------------------------------------------
           0.31   slack (MET)



==========================================================================
detailed place critical path target clock latency max path
--------------------------------------------------------------------------
0.0000

==========================================================================
detailed place critical path target clock latency min path
--------------------------------------------------------------------------
0.0000

==========================================================================
detailed place critical path source clock latency min path
--------------------------------------------------------------------------
0.0000

==========================================================================
detailed place critical path delay
--------------------------------------------------------------------------
1.9485

==========================================================================
detailed place critical path slack
--------------------------------------------------------------------------
2.9342

==========================================================================
detailed place slack div critical path delay
--------------------------------------------------------------------------
150.587632

==========================================================================
detailed place report_power
--------------------------------------------------------------------------
Group                  Internal  Switching    Leakage      Total
                          Power      Power      Power      Power (Watts)
----------------------------------------------------------------
Sequential             1.03e-03   3.36e-05   3.89e-08   1.06e-03  78.6%
Combinational          1.48e-04   1.42e-04   8.50e-08   2.90e-04  21.4%
Clock                  0.00e+00   0.00e+00   0.00e+00   0.00e+00   0.0%
Macro                  0.00e+00   0.00e+00   0.00e+00   0.00e+00   0.0%
Pad                    0.00e+00   0.00e+00   0.00e+00   0.00e+00   0.0%
----------------------------------------------------------------
Total                  1.18e-03   1.75e-04   1.24e-07   1.35e-03 100.0%
                          87.0%      13.0%       0.0%
