
==========================================================================
global place report_tns
--------------------------------------------------------------------------
tns 0.00

==========================================================================
global place report_wns
--------------------------------------------------------------------------
wns 0.00

==========================================================================
global place report_worst_slack
--------------------------------------------------------------------------
worst slack 2.93

==========================================================================
global place report_checks -path_delay min
--------------------------------------------------------------------------
Startpoint: genblk1[0].pipe.result[13]$_DFFE_PP_
            (rising edge-triggered flip-flop clocked by core_clock)
Endpoint: genblk1[0].pipe.result[13]$_DFFE_PP_
          (rising edge-triggered flip-flop clocked by core_clock)
Path Group: core_clock
Path Type: min

Fanout     Cap    Slew   Delay    Time   Description
-----------------------------------------------------------------------------
                  0.00    0.00    0.00   clock core_clock (rise edge)
                          0.00    0.00   clock network delay (ideal)
                  0.00    0.00    0.00 ^ genblk1[0].pipe.result[13]$_DFFE_PP_/CLK (sg13g2_dfrbp_1)
     2    0.01    0.03    0.19    0.19 v genblk1[0].pipe.result[13]$_DFFE_PP_/Q (sg13g2_dfrbp_1)
                                         net40 (net)
                  0.03    0.00    0.19 v _0750_/A (sg13g2_nand2_1)
     1    0.00    0.03    0.03    0.23 ^ _0750_/Y (sg13g2_nand2_1)
                                         _0297_ (net)
                  0.03    0.00    0.23 ^ _0751_/B1 (sg13g2_o21ai_1)
     1    0.00    0.03    0.04    0.26 v _0751_/Y (sg13g2_o21ai_1)
                                         _0029_ (net)
                  0.03    0.00    0.26 v genblk1[0].pipe.result[13]$_DFFE_PP_/D (sg13g2_dfrbp_1)
                                  0.26   data arrival time

                  0.00    0.00    0.00   clock core_clock (rise edge)
                          0.00    0.00   clock network delay (ideal)
                          0.00    0.00   clock reconvergence pessimism
                                  0.00 ^ genblk1[0].pipe.result[13]$_DFFE_PP_/CLK (sg13g2_dfrbp_1)
                         -0.04   -0.04   library hold time
                                 -0.04   data required time
-----------------------------------------------------------------------------
                                 -0.04   data required time
                                 -0.26   data arrival time
-----------------------------------------------------------------------------
                                  0.30   slack (MET)



==========================================================================
global place report_checks -path_delay max
--------------------------------------------------------------------------
Startpoint: ready (input port clocked by core_clock)
Endpoint: genblk1[1].pipe.result[13]$_DFFE_PP_
          (rising edge-triggered flip-flop clocked by core_clock)
Path Group: core_clock
Path Type: max

Fanout     Cap    Slew   Delay    Time   Description
-----------------------------------------------------------------------------
                  0.00    0.00    0.00   clock core_clock (rise edge)
                          0.00    0.00   clock network delay (ideal)
                          1.00    1.00 v input external delay
     1    0.02    0.00    0.00    1.00 v ready (in)
                                         ready (net)
                  0.00    0.00    1.00 v input33/A (sg13g2_buf_1)
     2    0.01    0.03    0.06    1.06 v input33/X (sg13g2_buf_1)
                                         net33 (net)
                  0.03    0.00    1.06 v fanout195/A (sg13g2_buf_4)
     8    0.05    0.05    0.10    1.16 v fanout195/X (sg13g2_buf_4)
                                         net275 (net)
                  0.05    0.00    1.16 v _0835_/A (sg13g2_and2_1)
     4    0.02    0.06    0.11    1.27 v _0835_/X (sg13g2_and2_1)
                                         _0379_ (net)
                  0.06    0.00    1.27 v fanout154/A (sg13g2_buf_2)
     8    0.04    0.08    0.13    1.40 v fanout154/X (sg13g2_buf_2)
                                         net234 (net)
                  0.08    0.00    1.40 v _0837_/B (sg13g2_nor2_2)
     4    0.02    0.09    0.10    1.50 ^ _0837_/Y (sg13g2_nor2_2)
                                         _0381_ (net)
                  0.09    0.00    1.50 ^ _0838_/C (sg13g2_nand3_1)
     6    0.03    0.27    0.26    1.75 v _0838_/Y (sg13g2_nand3_1)
                                         _0382_ (net)
                  0.27    0.00    1.76 v _0841_/S (sg13g2_mux2_1)
     1    0.00    0.04    0.19    1.95 ^ _0841_/X (sg13g2_mux2_1)
                                         _0047_ (net)
                  0.04    0.00    1.95 ^ genblk1[1].pipe.result[13]$_DFFE_PP_/D (sg13g2_dfrbp_1)
                                  1.95   data arrival time

                  0.00    5.00    5.00   clock core_clock (rise edge)
                          0.00    5.00   clock network delay (ideal)
                          0.00    5.00   clock reconvergence pessimism
                                  5.00 ^ genblk1[1].pipe.result[13]$_DFFE_PP_/CLK (sg13g2_dfrbp_1)
                         -0.12    4.88   library setup time
                                  4.88   data required time
-----------------------------------------------------------------------------
                                  4.88   data required time
                                 -1.95   data arrival time
-----------------------------------------------------------------------------
                                  2.93   slack (MET)



==========================================================================
global place report_checks -unconstrained
--------------------------------------------------------------------------
Startpoint: ready (input port clocked by core_clock)
Endpoint: genblk1[1].pipe.result[13]$_DFFE_PP_
          (rising edge-triggered flip-flop clocked by core_clock)
Path Group: core_clock
Path Type: max

Fanout     Cap    Slew   Delay    Time   Description
-----------------------------------------------------------------------------
                  0.00    0.00    0.00   clock core_clock (rise edge)
                          0.00    0.00   clock network delay (ideal)
                          1.00    1.00 v input external delay
     1    0.02    0.00    0.00    1.00 v ready (in)
                                         ready (net)
                  0.00    0.00    1.00 v input33/A (sg13g2_buf_1)
     2    0.01    0.03    0.06    1.06 v input33/X (sg13g2_buf_1)
                                         net33 (net)
                  0.03    0.00    1.06 v fanout195/A (sg13g2_buf_4)
     8    0.05    0.05    0.10    1.16 v fanout195/X (sg13g2_buf_4)
                                         net275 (net)
                  0.05    0.00    1.16 v _0835_/A (sg13g2_and2_1)
     4    0.02    0.06    0.11    1.27 v _0835_/X (sg13g2_and2_1)
                                         _0379_ (net)
                  0.06    0.00    1.27 v fanout154/A (sg13g2_buf_2)
     8    0.04    0.08    0.13    1.40 v fanout154/X (sg13g2_buf_2)
                                         net234 (net)
                  0.08    0.00    1.40 v _0837_/B (sg13g2_nor2_2)
     4    0.02    0.09    0.10    1.50 ^ _0837_/Y (sg13g2_nor2_2)
                                         _0381_ (net)
                  0.09    0.00    1.50 ^ _0838_/C (sg13g2_nand3_1)
     6    0.03    0.27    0.26    1.75 v _0838_/Y (sg13g2_nand3_1)
                                         _0382_ (net)
                  0.27    0.00    1.76 v _0841_/S (sg13g2_mux2_1)
     1    0.00    0.04    0.19    1.95 ^ _0841_/X (sg13g2_mux2_1)
                                         _0047_ (net)
                  0.04    0.00    1.95 ^ genblk1[1].pipe.result[13]$_DFFE_PP_/D (sg13g2_dfrbp_1)
                                  1.95   data arrival time

                  0.00    5.00    5.00   clock core_clock (rise edge)
                          0.00    5.00   clock network delay (ideal)
                          0.00    5.00   clock reconvergence pessimism
                                  5.00 ^ genblk1[1].pipe.result[13]$_DFFE_PP_/CLK (sg13g2_dfrbp_1)
                         -0.12    4.88   library setup time
                                  4.88   data required time
-----------------------------------------------------------------------------
                                  4.88   data required time
                                 -1.95   data arrival time
-----------------------------------------------------------------------------
                                  2.93   slack (MET)



==========================================================================
global place report_power
--------------------------------------------------------------------------
Group                  Internal  Switching    Leakage      Total
                          Power      Power      Power      Power (Watts)
----------------------------------------------------------------
Sequential             1.03e-03   3.06e-05   3.89e-08   1.06e-03  78.6%
Combinational          1.47e-04   1.40e-04   8.44e-08   2.87e-04  21.4%
Clock                  0.00e+00   0.00e+00   0.00e+00   0.00e+00   0.0%
Macro                  0.00e+00   0.00e+00   0.00e+00   0.00e+00   0.0%
Pad                    0.00e+00   0.00e+00   0.00e+00   0.00e+00   0.0%
----------------------------------------------------------------
Total                  1.17e-03   1.71e-04   1.23e-07   1.34e-03 100.0%
                          87.3%      12.7%       0.0%
