
==========================================================================
resizer report_tns
--------------------------------------------------------------------------
tns 0.00

==========================================================================
resizer report_wns
--------------------------------------------------------------------------
wns 0.00

==========================================================================
resizer report_worst_slack
--------------------------------------------------------------------------
worst slack 2.97

==========================================================================
resizer report_checks -path_delay min
--------------------------------------------------------------------------
Startpoint: genblk1[0].pipe.result[13]$_DFFE_PP_
            (rising edge-triggered flip-flop clocked by core_clock)
Endpoint: genblk1[0].pipe.result[13]$_DFFE_PP_
          (rising edge-triggered flip-flop clocked by core_clock)
Path Group: core_clock
Path Type: min

Fanout     Cap    Slew   Delay    Time   Description
-----------------------------------------------------------------------------
                  0.00    0.00    0.00   clock core_clock (rise edge)
                          0.00    0.00   clock network delay (ideal)
                  0.00    0.00    0.00 ^ genblk1[0].pipe.result[13]$_DFFE_PP_/CLK (sg13g2_dfrbp_1)
     2    0.01    0.03    0.19    0.19 v genblk1[0].pipe.result[13]$_DFFE_PP_/Q (sg13g2_dfrbp_1)
                                         net40 (net)
                  0.03    0.00    0.19 v _0750_/A (sg13g2_nand2_1)
     1    0.00    0.03    0.03    0.23 ^ _0750_/Y (sg13g2_nand2_1)
                                         _0297_ (net)
                  0.03    0.00    0.23 ^ _0751_/B1 (sg13g2_o21ai_1)
     1    0.00    0.03    0.04    0.26 v _0751_/Y (sg13g2_o21ai_1)
                                         _0029_ (net)
                  0.03    0.00    0.26 v genblk1[0].pipe.result[13]$_DFFE_PP_/D (sg13g2_dfrbp_1)
                                  0.26   data arrival time

                  0.00    0.00    0.00   clock core_clock (rise edge)
                          0.00    0.00   clock network delay (ideal)
                          0.00    0.00   clock reconvergence pessimism
                                  0.00 ^ genblk1[0].pipe.result[13]$_DFFE_PP_/CLK (sg13g2_dfrbp_1)
                         -0.04   -0.04   library hold time
                                 -0.04   data required time
-----------------------------------------------------------------------------
                                 -0.04   data required time
                                 -0.26   data arrival time
-----------------------------------------------------------------------------
                                  0.30   slack (MET)



==========================================================================
resizer report_checks -path_delay max
--------------------------------------------------------------------------
Startpoint: ready (input port clocked by core_clock)
Endpoint: genblk1[1].pipe.result[13]$_DFFE_PP_
          (rising edge-triggered flip-flop clocked by core_clock)
Path Group: core_clock
Path Type: max

Fanout     Cap    Slew   Delay    Time   Description
-----------------------------------------------------------------------------
                  0.00    0.00    0.00   clock core_clock (rise edge)
                          0.00    0.00   clock network delay (ideal)
                          1.00    1.00 v input external delay
     1    0.02    0.00    0.00    1.00 v ready (in)
                                         ready (net)
                  0.00    0.00    1.00 v input33/A (sg13g2_buf_1)
     2    0.01    0.03    0.06    1.06 v input33/X (sg13g2_buf_1)
                                         net33 (net)
                  0.03    0.00    1.06 v fanout195/A (sg13g2_buf_4)
     8    0.05    0.05    0.10    1.16 v fanout195/X (sg13g2_buf_4)
                                         net275 (net)
                  0.05    0.00    1.16 v _0835_/A (sg13g2_and2_1)
     4    0.02    0.06    0.11    1.27 v _0835_/X (sg13g2_and2_1)
                                         _0379_ (net)
                  0.06    0.00    1.27 v fanout154/A (sg13g2_buf_4)
     8    0.04    0.05    0.11    1.38 v fanout154/X (sg13g2_buf_4)
                                         net234 (net)
                  0.05    0.00    1.38 v _0837_/B (sg13g2_nor2_2)
     4    0.02    0.08    0.09    1.47 ^ _0837_/Y (sg13g2_nor2_2)
                                         _0381_ (net)
                  0.08    0.00    1.47 ^ _0838_/C (sg13g2_nand3_1)
     6    0.03    0.27    0.25    1.72 v _0838_/Y (sg13g2_nand3_1)
                                         _0382_ (net)
                  0.27    0.00    1.72 v _0841_/S (sg13g2_mux2_1)
     1    0.00    0.04    0.19    1.92 ^ _0841_/X (sg13g2_mux2_1)
                                         _0047_ (net)
                  0.04    0.00    1.92 ^ genblk1[1].pipe.result[13]$_DFFE_PP_/D (sg13g2_dfrbp_1)
                                  1.92   data arrival time

                  0.00    5.00    5.00   clock core_clock (rise edge)
                          0.00    5.00   clock network delay (ideal)
                          0.00    5.00   clock reconvergence pessimism
                                  5.00 ^ genblk1[1].pipe.result[13]$_DFFE_PP_/CLK (sg13g2_dfrbp_1)
                         -0.12    4.88   library setup time
                                  4.88   data required time
-----------------------------------------------------------------------------
                                  4.88   data required time
                                 -1.92   data arrival time
-----------------------------------------------------------------------------
                                  2.97   slack (MET)



==========================================================================
resizer report_checks -unconstrained
--------------------------------------------------------------------------
Startpoint: ready (input port clocked by core_clock)
Endpoint: genblk1[1].pipe.result[13]$_DFFE_PP_
          (rising edge-triggered flip-flop clocked by core_clock)
Path Group: core_clock
Path Type: max

Fanout     Cap    Slew   Delay    Time   Description
-----------------------------------------------------------------------------
                  0.00    0.00    0.00   clock core_clock (rise edge)
                          0.00    0.00   clock network delay (ideal)
                          1.00    1.00 v input external delay
     1    0.02    0.00    0.00    1.00 v ready (in)
                                         ready (net)
                  0.00    0.00    1.00 v input33/A (sg13g2_buf_1)
     2    0.01    0.03    0.06    1.06 v input33/X (sg13g2_buf_1)
                                         net33 (net)
                  0.03    0.00    1.06 v fanout195/A (sg13g2_buf_4)
     8    0.05    0.05    0.10    1.16 v fanout195/X (sg13g2_buf_4)
                                         net275 (net)
                  0.05    0.00    1.16 v _0835_/A (sg13g2_and2_1)
     4    0.02    0.06    0.11    1.27 v _0835_/X (sg13g2_and2_1)
                                         _0379_ (net)
                  0.06    0.00    1.27 v fanout154/A (sg13g2_buf_4)
     8    0.04    0.05    0.11    1.38 v fanout154/X (sg13g2_buf_4)
                                         net234 (net)
                  0.05    0.00    1.38 v _0837_/B (sg13g2_nor2_2)
     4    0.02    0.08    0.09    1.47 ^ _0837_/Y (sg13g2_nor2_2)
                                         _0381_ (net)
                  0.08    0.00    1.47 ^ _0838_/C (sg13g2_nand3_1)
     6    0.03    0.27    0.25    1.72 v _0838_/Y (sg13g2_nand3_1)
                                         _0382_ (net)
                  0.27    0.00    1.72 v _0841_/S (sg13g2_mux2_1)
     1    0.00    0.04    0.19    1.92 ^ _0841_/X (sg13g2_mux2_1)
                                         _0047_ (net)
                  0.04    0.00    1.92 ^ genblk1[1].pipe.result[13]$_DFFE_PP_/D (sg13g2_dfrbp_1)
                                  1.92   data arrival time

                  0.00    5.00    5.00   clock core_clock (rise edge)
                          0.00    5.00   clock network delay (ideal)
                          0.00    5.00   clock reconvergence pessimism
                                  5.00 ^ genblk1[1].pipe.result[13]$_DFFE_PP_/CLK (sg13g2_dfrbp_1)
                         -0.12    4.88   library setup time
                                  4.88   data required time
-----------------------------------------------------------------------------
                                  4.88   data required time
                                 -1.92   data arrival time
-----------------------------------------------------------------------------
                                  2.97   slack (MET)



==========================================================================
resizer report_check_types -max_slew -max_cap -max_fanout -violators
--------------------------------------------------------------------------

==========================================================================
resizer max_slew_check_slack
--------------------------------------------------------------------------
2.1022567749023438

==========================================================================
resizer max_slew_check_limit
--------------------------------------------------------------------------
2.5074000358581543

==========================================================================
resizer max_slew_check_slack_limit
--------------------------------------------------------------------------
0.8384

==========================================================================
resizer max_fanout_check_slack
--------------------------------------------------------------------------
0.0

==========================================================================
resizer max_fanout_check_limit
--------------------------------------------------------------------------
8.0

==========================================================================
resizer max_fanout_check_slack_limit
--------------------------------------------------------------------------
0.0000

==========================================================================
resizer max_capacitance_check_slack
--------------------------------------------------------------------------
0.2616386413574219

==========================================================================
resizer max_capacitance_check_limit
--------------------------------------------------------------------------
0.30000001192092896

==========================================================================
resizer max_capacitance_check_slack_limit
--------------------------------------------------------------------------
0.8721

==========================================================================
resizer max_slew_violation_count
--------------------------------------------------------------------------
max slew violation count 0

==========================================================================
resizer max_fanout_violation_count
--------------------------------------------------------------------------
max fanout violation count 0

==========================================================================
resizer max_cap_violation_count
--------------------------------------------------------------------------
max cap violation count 0

==========================================================================
resizer setup_violation_count
--------------------------------------------------------------------------
setup violation count 0

==========================================================================
resizer hold_violation_count
--------------------------------------------------------------------------
hold violation count 0

==========================================================================
resizer report_checks -path_delay max reg to reg
--------------------------------------------------------------------------
Startpoint: genblk1[1].pipe.this_query[30]$_SDFFE_PP0P_
            (rising edge-triggered flip-flop clocked by core_clock)
Endpoint: genblk1[1].pipe.result[12]$_DFFE_PP_
          (rising edge-triggered flip-flop clocked by core_clock)
Path Group: core_clock
Path Type: max

  Delay    Time   Description
---------------------------------------------------------
   0.00    0.00   clock core_clock (rise edge)
   0.00    0.00   clock network delay (ideal)
   0.00    0.00 ^ genblk1[1].pipe.this_query[30]$_SDFFE_PP0P_/CLK (sg13g2_dfrbp_1)
   0.19    0.19 v genblk1[1].pipe.this_query[30]$_SDFFE_PP0P_/Q (sg13g2_dfrbp_1)
   0.10    0.29 v fanout175/X (sg13g2_buf_2)
   0.11    0.40 v fanout174/X (sg13g2_buf_1)
   0.12    0.52 v fanout173/X (sg13g2_buf_2)
   0.21    0.73 v _0775_/X (sg13g2_or4_1)
   0.09    0.82 ^ _0776_/Y (sg13g2_a21oi_1)
   0.06    0.88 v _0777_/Y (sg13g2_a221oi_1)
   0.28    1.16 ^ _0789_/Y (sg13g2_o21ai_1)
   0.23    1.39 v _0796_/X (sg13g2_mux2_1)
   0.17    1.56 ^ _0798_/Y (sg13g2_a221oi_1)
   0.10    1.66 v _0800_/Y (sg13g2_a21oi_1)
   0.12    1.78 ^ _0832_/Y (sg13g2_o21ai_1)
   0.11    1.89 ^ _0840_/X (sg13g2_mux2_1)
   0.00    1.89 ^ genblk1[1].pipe.result[12]$_DFFE_PP_/D (sg13g2_dfrbp_1)
           1.89   data arrival time

   5.00    5.00   clock core_clock (rise edge)
   0.00    5.00   clock network delay (ideal)
   0.00    5.00   clock reconvergence pessimism
           5.00 ^ genblk1[1].pipe.result[12]$_DFFE_PP_/CLK (sg13g2_dfrbp_1)
  -0.11    4.89   library setup time
           4.89   data required time
---------------------------------------------------------
           4.89   data required time
          -1.89   data arrival time
---------------------------------------------------------
           3.00   slack (MET)



==========================================================================
resizer report_checks -path_delay min reg to reg
--------------------------------------------------------------------------
Startpoint: genblk1[0].pipe.result[13]$_DFFE_PP_
            (rising edge-triggered flip-flop clocked by core_clock)
Endpoint: genblk1[0].pipe.result[13]$_DFFE_PP_
          (rising edge-triggered flip-flop clocked by core_clock)
Path Group: core_clock
Path Type: min

  Delay    Time   Description
---------------------------------------------------------
   0.00    0.00   clock core_clock (rise edge)
   0.00    0.00   clock network delay (ideal)
   0.00    0.00 ^ genblk1[0].pipe.result[13]$_DFFE_PP_/CLK (sg13g2_dfrbp_1)
   0.19    0.19 v genblk1[0].pipe.result[13]$_DFFE_PP_/Q (sg13g2_dfrbp_1)
   0.03    0.23 ^ _0750_/Y (sg13g2_nand2_1)
   0.04    0.26 v _0751_/Y (sg13g2_o21ai_1)
   0.00    0.26 v genblk1[0].pipe.result[13]$_DFFE_PP_/D (sg13g2_dfrbp_1)
           0.26   data arrival time

   0.00    0.00   clock core_clock (rise edge)
   0.00    0.00   clock network delay (ideal)
   0.00    0.00   clock reconvergence pessimism
           0.00 ^ genblk1[0].pipe.result[13]$_DFFE_PP_/CLK (sg13g2_dfrbp_1)
  -0.04   -0.04   library hold time
          -0.04   data required time
---------------------------------------------------------
          -0.04   data required time
          -0.26   data arrival time
---------------------------------------------------------
           0.30   slack (MET)



==========================================================================
resizer critical path target clock latency max path
--------------------------------------------------------------------------
0.0000

==========================================================================
resizer critical path target clock latency min path
--------------------------------------------------------------------------
0.0000

==========================================================================
resizer critical path source clock latency min path
--------------------------------------------------------------------------
0.0000

==========================================================================
resizer critical path delay
--------------------------------------------------------------------------
1.9162

==========================================================================
resizer critical path slack
--------------------------------------------------------------------------
2.9666

==========================================================================
resizer slack div critical path delay
--------------------------------------------------------------------------
154.816825

==========================================================================
resizer report_power
--------------------------------------------------------------------------
Group                  Internal  Switching    Leakage      Total
                          Power      Power      Power      Power (Watts)
----------------------------------------------------------------
Sequential             1.03e-03   3.07e-05   3.89e-08   1.06e-03  78.6%
Combinational          1.48e-04   1.40e-04   8.50e-08   2.88e-04  21.4%
Clock                  0.00e+00   0.00e+00   0.00e+00   0.00e+00   0.0%
Macro                  0.00e+00   0.00e+00   0.00e+00   0.00e+00   0.0%
Pad                    0.00e+00   0.00e+00   0.00e+00   0.00e+00   0.0%
----------------------------------------------------------------
Total                  1.17e-03   1.71e-04   1.24e-07   1.34e-03 100.0%
                          87.3%      12.7%       0.0%
