
==========================================================================
cts final report_tns
--------------------------------------------------------------------------
tns 0.00

==========================================================================
cts final report_wns
--------------------------------------------------------------------------
wns 0.00

==========================================================================
cts final report_worst_slack
--------------------------------------------------------------------------
worst slack 2.93

==========================================================================
cts final report_clock_skew
--------------------------------------------------------------------------
Clock core_clock
   0.27 source latency genblk1[0].pipe.counter[0]$_SDFFE_PP0P_/CLK ^
  -0.27 target latency genblk1[0].pipe.counter[0]$_SDFFE_PP0P_/CLK ^
   0.00 CRPR
--------------
   0.00 setup skew


==========================================================================
cts final report_checks -path_delay min
--------------------------------------------------------------------------
Startpoint: genblk1[0].pipe.result[12]$_DFFE_PP_
            (rising edge-triggered flip-flop clocked by core_clock)
Endpoint: genblk1[0].pipe.result[12]$_DFFE_PP_
          (rising edge-triggered flip-flop clocked by core_clock)
Path Group: core_clock
Path Type: min

Fanout     Cap    Slew   Delay    Time   Description
-----------------------------------------------------------------------------
                  0.00    0.00    0.00   clock core_clock (rise edge)
                          0.00    0.00   clock network delay (ideal)
                  0.00    0.00    0.00 ^ genblk1[0].pipe.result[12]$_DFFE_PP_/CLK (sg13g2_dfrbp_1)
     2    0.01    0.04    0.19    0.19 v genblk1[0].pipe.result[12]$_DFFE_PP_/Q (sg13g2_dfrbp_1)
                                         net39 (net)
                  0.04    0.00    0.19 v _0748_/A (sg13g2_nand2_1)
     1    0.00    0.03    0.04    0.23 ^ _0748_/Y (sg13g2_nand2_1)
                                         _0296_ (net)
                  0.03    0.00    0.23 ^ _0749_/B1 (sg13g2_o21ai_1)
     1    0.00    0.03    0.04    0.27 v _0749_/Y (sg13g2_o21ai_1)
                                         _0028_ (net)
                  0.03    0.00    0.27 v genblk1[0].pipe.result[12]$_DFFE_PP_/D (sg13g2_dfrbp_1)
                                  0.27   data arrival time

                  0.00    0.00    0.00   clock core_clock (rise edge)
                          0.00    0.00   clock network delay (ideal)
                          0.00    0.00   clock reconvergence pessimism
                                  0.00 ^ genblk1[0].pipe.result[12]$_DFFE_PP_/CLK (sg13g2_dfrbp_1)
                         -0.04   -0.04   library hold time
                                 -0.04   data required time
-----------------------------------------------------------------------------
                                 -0.04   data required time
                                 -0.27   data arrival time
-----------------------------------------------------------------------------
                                  0.31   slack (MET)



==========================================================================
cts final report_checks -path_delay max
--------------------------------------------------------------------------
Startpoint: reset (input port clocked by core_clock)
Endpoint: genblk1[3].pipe.result[12]$_DFFE_PP_
          (rising edge-triggered flip-flop clocked by core_clock)
Path Group: core_clock
Path Type: max

Fanout     Cap    Slew   Delay    Time   Description
-----------------------------------------------------------------------------
                  0.00    0.00    0.00   clock core_clock (rise edge)
                          0.00    0.00   clock network delay (ideal)
                          1.00    1.00 v input external delay
     1    0.01    0.00    0.00    1.00 v reset (in)
                                         reset (net)
                  0.00    0.00    1.00 v input34/A (sg13g2_buf_1)
     3    0.02    0.06    0.08    1.08 v input34/X (sg13g2_buf_1)
                                         net34 (net)
                  0.06    0.00    1.08 v fanout194/A (sg13g2_buf_2)
     4    0.02    0.05    0.11    1.19 v fanout194/X (sg13g2_buf_2)
                                         net274 (net)
                  0.05    0.00    1.19 v fanout190/A (sg13g2_buf_2)
     8    0.04    0.07    0.12    1.31 v fanout190/X (sg13g2_buf_2)
                                         net270 (net)
                  0.07    0.00    1.31 v _0991_/A (sg13g2_inv_1)
     2    0.01    0.05    0.06    1.37 ^ _0991_/Y (sg13g2_inv_1)
                                         _0527_ (net)
                  0.05    0.00    1.37 ^ _0997_/A (sg13g2_nand4_1)
     7    0.04    0.43    0.36    1.73 v _0997_/Y (sg13g2_nand4_1)
                                         _0533_ (net)
                  0.43    0.00    1.73 v _0999_/S (sg13g2_mux2_1)
     1    0.00    0.04    0.22    1.95 v _0999_/X (sg13g2_mux2_1)
                                         _0082_ (net)
                  0.04    0.00    1.95 v genblk1[3].pipe.result[12]$_DFFE_PP_/D (sg13g2_dfrbp_1)
                                  1.95   data arrival time

                  0.00    5.00    5.00   clock core_clock (rise edge)
                          0.00    5.00   clock network delay (ideal)
                          0.00    5.00   clock reconvergence pessimism
                                  5.00 ^ genblk1[3].pipe.result[12]$_DFFE_PP_/CLK (sg13g2_dfrbp_1)
                         -0.12    4.88   library setup time
                                  4.88   data required time
-----------------------------------------------------------------------------
                                  4.88   data required time
                                 -1.95   data arrival time
-----------------------------------------------------------------------------
                                  2.93   slack (MET)



==========================================================================
cts final report_checks -unconstrained
--------------------------------------------------------------------------
Startpoint: reset (input port clocked by core_clock)
Endpoint: genblk1[3].pipe.result[12]$_DFFE_PP_
          (rising edge-triggered flip-flop clocked by core_clock)
Path Group: core_clock
Path Type: max

Fanout     Cap    Slew   Delay    Time   Description
-----------------------------------------------------------------------------
                  0.00    0.00    0.00   clock core_clock (rise edge)
                          0.00    0.00   clock network delay (ideal)
                          1.00    1.00 v input external delay
     1    0.01    0.00    0.00    1.00 v reset (in)
                                         reset (net)
                  0.00    0.00    1.00 v input34/A (sg13g2_buf_1)
     3    0.02    0.06    0.08    1.08 v input34/X (sg13g2_buf_1)
                                         net34 (net)
                  0.06    0.00    1.08 v fanout194/A (sg13g2_buf_2)
     4    0.02    0.05    0.11    1.19 v fanout194/X (sg13g2_buf_2)
                                         net274 (net)
                  0.05    0.00    1.19 v fanout190/A (sg13g2_buf_2)
     8    0.04    0.07    0.12    1.31 v fanout190/X (sg13g2_buf_2)
                                         net270 (net)
                  0.07    0.00    1.31 v _0991_/A (sg13g2_inv_1)
     2    0.01    0.05    0.06    1.37 ^ _0991_/Y (sg13g2_inv_1)
                                         _0527_ (net)
                  0.05    0.00    1.37 ^ _0997_/A (sg13g2_nand4_1)
     7    0.04    0.43    0.36    1.73 v _0997_/Y (sg13g2_nand4_1)
                                         _0533_ (net)
                  0.43    0.00    1.73 v _0999_/S (sg13g2_mux2_1)
     1    0.00    0.04    0.22    1.95 v _0999_/X (sg13g2_mux2_1)
                                         _0082_ (net)
                  0.04    0.00    1.95 v genblk1[3].pipe.result[12]$_DFFE_PP_/D (sg13g2_dfrbp_1)
                                  1.95   data arrival time

                  0.00    5.00    5.00   clock core_clock (rise edge)
                          0.00    5.00   clock network delay (ideal)
                          0.00    5.00   clock reconvergence pessimism
                                  5.00 ^ genblk1[3].pipe.result[12]$_DFFE_PP_/CLK (sg13g2_dfrbp_1)
                         -0.12    4.88   library setup time
                                  4.88   data required time
-----------------------------------------------------------------------------
                                  4.88   data required time
                                 -1.95   data arrival time
-----------------------------------------------------------------------------
                                  2.93   slack (MET)



==========================================================================
cts final report_check_types -max_slew -max_cap -max_fanout -violators
--------------------------------------------------------------------------

==========================================================================
cts final max_slew_check_slack
--------------------------------------------------------------------------
2.075317621231079

==========================================================================
cts final max_slew_check_limit
--------------------------------------------------------------------------
2.5074000358581543

==========================================================================
cts final max_slew_check_slack_limit
--------------------------------------------------------------------------
0.8277

==========================================================================
cts final max_fanout_check_slack
--------------------------------------------------------------------------
0.0

==========================================================================
cts final max_fanout_check_limit
--------------------------------------------------------------------------
8.0

==========================================================================
cts final max_fanout_check_slack_limit
--------------------------------------------------------------------------
0.0000

==========================================================================
cts final max_capacitance_check_slack
--------------------------------------------------------------------------
0.2605848014354706

==========================================================================
cts final max_capacitance_check_limit
--------------------------------------------------------------------------
0.30000001192092896

==========================================================================
cts final max_capacitance_check_slack_limit
--------------------------------------------------------------------------
0.8686

==========================================================================
cts final max_slew_violation_count
--------------------------------------------------------------------------
max slew violation count 0

==========================================================================
cts final max_fanout_violation_count
--------------------------------------------------------------------------
max fanout violation count 0

==========================================================================
cts final max_cap_violation_count
--------------------------------------------------------------------------
max cap violation count 0

==========================================================================
cts final setup_violation_count
--------------------------------------------------------------------------
setup violation count 0

==========================================================================
cts final hold_violation_count
--------------------------------------------------------------------------
hold violation count 0

==========================================================================
cts final report_checks -path_delay max reg to reg
--------------------------------------------------------------------------
Startpoint: genblk1[1].pipe.this_query[30]$_SDFFE_PP0P_
            (rising edge-triggered flip-flop clocked by core_clock)
Endpoint: genblk1[1].pipe.result[12]$_DFFE_PP_
          (rising edge-triggered flip-flop clocked by core_clock)
Path Group: core_clock
Path Type: max

  Delay    Time   Description
---------------------------------------------------------
   0.00    0.00   clock core_clock (rise edge)
   0.00    0.00   clock network delay (ideal)
   0.00    0.00 ^ genblk1[1].pipe.this_query[30]$_SDFFE_PP0P_/CLK (sg13g2_dfrbp_1)
   0.19    0.19 v genblk1[1].pipe.this_query[30]$_SDFFE_PP0P_/Q (sg13g2_dfrbp_1)
   0.10    0.29 v fanout175/X (sg13g2_buf_2)
   0.11    0.40 v fanout174/X (sg13g2_buf_1)
   0.13    0.53 v fanout173/X (sg13g2_buf_2)
   0.21    0.74 v _0775_/X (sg13g2_or4_1)
   0.10    0.84 ^ _0776_/Y (sg13g2_a21oi_1)
   0.07    0.91 v _0777_/Y (sg13g2_a221oi_1)
   0.30    1.21 ^ _0789_/Y (sg13g2_o21ai_1)
   0.24    1.45 v _0796_/X (sg13g2_mux2_1)
   0.18    1.63 ^ _0798_/Y (sg13g2_a221oi_1)
   0.10    1.73 v _0800_/Y (sg13g2_a21oi_1)
   0.11    1.84 ^ _0832_/Y (sg13g2_o21ai_1)
   0.11    1.94 ^ _0840_/X (sg13g2_mux2_1)
   0.00    1.94 ^ genblk1[1].pipe.result[12]$_DFFE_PP_/D (sg13g2_dfrbp_1)
           1.94   data arrival time

   5.00    5.00   clock core_clock (rise edge)
   0.00    5.00   clock network delay (ideal)
   0.00    5.00   clock reconvergence pessimism
           5.00 ^ genblk1[1].pipe.result[12]$_DFFE_PP_/CLK (sg13g2_dfrbp_1)
  -0.11    4.89   library setup time
           4.89   data required time
---------------------------------------------------------
           4.89   data required time
          -1.94   data arrival time
---------------------------------------------------------
           2.94   slack (MET)



==========================================================================
cts final report_checks -path_delay min reg to reg
--------------------------------------------------------------------------
Startpoint: genblk1[0].pipe.result[12]$_DFFE_PP_
            (rising edge-triggered flip-flop clocked by core_clock)
Endpoint: genblk1[0].pipe.result[12]$_DFFE_PP_
          (rising edge-triggered flip-flop clocked by core_clock)
Path Group: core_clock
Path Type: min

  Delay    Time   Description
---------------------------------------------------------
   0.00    0.00   clock core_clock (rise edge)
   0.00    0.00   clock network delay (ideal)
   0.00    0.00 ^ genblk1[0].pipe.result[12]$_DFFE_PP_/CLK (sg13g2_dfrbp_1)
   0.19    0.19 v genblk1[0].pipe.result[12]$_DFFE_PP_/Q (sg13g2_dfrbp_1)
   0.04    0.23 ^ _0748_/Y (sg13g2_nand2_1)
   0.04    0.27 v _0749_/Y (sg13g2_o21ai_1)
   0.00    0.27 v genblk1[0].pipe.result[12]$_DFFE_PP_/D (sg13g2_dfrbp_1)
           0.27   data arrival time

   0.00    0.00   clock core_clock (rise edge)
   0.00    0.00   clock network delay (ideal)
   0.00    0.00   clock reconvergence pessimism
           0.00 ^ genblk1[0].pipe.result[12]$_DFFE_PP_/CLK (sg13g2_dfrbp_1)
  -0.04   -0.04   library hold time
          -0.04   data required time
---------------------------------------------------------
          -0.04   data required time
          -0.27   data arrival time
---------------------------------------------------------
           0.31   slack (MET)



==========================================================================
cts final critical path target clock latency max path
--------------------------------------------------------------------------
0.0000

==========================================================================
cts final critical path target clock latency min path
--------------------------------------------------------------------------
0.0000

==========================================================================
cts final critical path source clock latency min path
--------------------------------------------------------------------------
0.0000

==========================================================================
cts final critical path delay
--------------------------------------------------------------------------
1.9465

==========================================================================
cts final critical path slack
--------------------------------------------------------------------------
2.9291

==========================================================================
cts final slack div critical path delay
--------------------------------------------------------------------------
150.480349

==========================================================================
cts final report_power
--------------------------------------------------------------------------
Group                  Internal  Switching    Leakage      Total
                          Power      Power      Power      Power (Watts)
----------------------------------------------------------------
Sequential             1.03e-03   3.37e-05   3.89e-08   1.06e-03  53.4%
Combinational          1.48e-04   1.43e-04   8.50e-08   2.91e-04  14.6%
Clock                  4.89e-04   1.47e-04   2.29e-08   6.36e-04  32.0%
Macro                  0.00e+00   0.00e+00   0.00e+00   0.00e+00   0.0%
Pad                    0.00e+00   0.00e+00   0.00e+00   0.00e+00   0.0%
----------------------------------------------------------------
Total                  1.67e-03   3.24e-04   1.47e-07   1.99e-03 100.0%
                          83.7%      16.3%       0.0%
