
==========================================================================
global route report_tns
--------------------------------------------------------------------------
tns 0.00

==========================================================================
global route report_wns
--------------------------------------------------------------------------
wns 0.00

==========================================================================
global route report_worst_slack
--------------------------------------------------------------------------
worst slack 2.72

==========================================================================
global route report_clock_skew
--------------------------------------------------------------------------
Clock core_clock
   0.32 source latency genblk1[0].pipe.counter[4]$_SDFFE_PP0P_/CLK ^
  -0.32 target latency genblk1[0].pipe.this_query[26]$_SDFFE_PP0P_/CLK ^
   0.00 CRPR
--------------
  -0.01 setup skew


==========================================================================
global route report_checks -path_delay min
--------------------------------------------------------------------------
Startpoint: genblk1[2].pipe.result[13]$_DFFE_PP_
            (rising edge-triggered flip-flop clocked by core_clock)
Endpoint: genblk1[2].pipe.result[13]$_DFFE_PP_
          (rising edge-triggered flip-flop clocked by core_clock)
Path Group: core_clock
Path Type: min

Fanout     Cap    Slew   Delay    Time   Description
-----------------------------------------------------------------------------
                          0.00    0.00   clock core_clock (rise edge)
                          0.00    0.00   clock source latency
     1    0.04    0.00    0.00    0.00 ^ clk (in)
                                         clk (net)
                  0.01    0.01    0.01 ^ clkbuf_0_clk/A (sg13g2_buf_8)
    16    0.35    0.18    0.17    0.17 ^ clkbuf_0_clk/X (sg13g2_buf_8)
                                         clknet_0_clk (net)
                  0.19    0.02    0.19 ^ clkbuf_4_10_0_clk/A (sg13g2_buf_16)
     5    0.03    0.03    0.13    0.32 ^ clkbuf_4_10_0_clk/X (sg13g2_buf_16)
                                         clknet_4_10_0_clk (net)
                  0.03    0.00    0.32 ^ genblk1[2].pipe.result[13]$_DFFE_PP_/CLK (sg13g2_dfrbp_1)
     2    0.01    0.04    0.21    0.53 v genblk1[2].pipe.result[13]$_DFFE_PP_/Q (sg13g2_dfrbp_1)
                                         net48 (net)
                  0.04    0.00    0.53 v _0929_/A (sg13g2_nand2_1)
     1    0.00    0.03    0.04    0.57 ^ _0929_/Y (sg13g2_nand2_1)
                                         _0468_ (net)
                  0.03    0.00    0.57 ^ _0930_/B1 (sg13g2_o21ai_1)
     1    0.00    0.03    0.04    0.61 v _0930_/Y (sg13g2_o21ai_1)
                                         _0065_ (net)
                  0.03    0.00    0.61 v genblk1[2].pipe.result[13]$_DFFE_PP_/D (sg13g2_dfrbp_1)
                                  0.61   data arrival time

                          0.00    0.00   clock core_clock (rise edge)
                          0.00    0.00   clock source latency
     1    0.04    0.00    0.00    0.00 ^ clk (in)
                                         clk (net)
                  0.01    0.01    0.01 ^ clkbuf_0_clk/A (sg13g2_buf_8)
    16    0.35    0.18    0.17    0.17 ^ clkbuf_0_clk/X (sg13g2_buf_8)
                                         clknet_0_clk (net)
                  0.19    0.02    0.19 ^ clkbuf_4_10_0_clk/A (sg13g2_buf_16)
     5    0.03    0.03    0.13    0.32 ^ clkbuf_4_10_0_clk/X (sg13g2_buf_16)
                                         clknet_4_10_0_clk (net)
                  0.03    0.00    0.32 ^ genblk1[2].pipe.result[13]$_DFFE_PP_/CLK (sg13g2_dfrbp_1)
                          0.00    0.32   clock reconvergence pessimism
                         -0.03    0.29   library hold time
                                  0.29   data required time
-----------------------------------------------------------------------------
                                  0.29   data required time
                                 -0.61   data arrival time
-----------------------------------------------------------------------------
                                  0.32   slack (MET)



==========================================================================
global route report_checks -path_delay max
--------------------------------------------------------------------------
Startpoint: genblk1[1].pipe.this_query[30]$_SDFFE_PP0P_
            (rising edge-triggered flip-flop clocked by core_clock)
Endpoint: genblk1[1].pipe.result[12]$_DFFE_PP_
          (rising edge-triggered flip-flop clocked by core_clock)
Path Group: core_clock
Path Type: max

Fanout     Cap    Slew   Delay    Time   Description
-----------------------------------------------------------------------------
                          0.00    0.00   clock core_clock (rise edge)
                          0.00    0.00   clock source latency
     1    0.04    0.00    0.00    0.00 ^ clk (in)
                                         clk (net)
                  0.01    0.01    0.01 ^ clkbuf_0_clk/A (sg13g2_buf_8)
    16    0.35    0.18    0.17    0.17 ^ clkbuf_0_clk/X (sg13g2_buf_8)
                                         clknet_0_clk (net)
                  0.19    0.02    0.19 ^ clkbuf_4_13_0_clk/A (sg13g2_buf_16)
     5    0.03    0.03    0.13    0.32 ^ clkbuf_4_13_0_clk/X (sg13g2_buf_16)
                                         clknet_4_13_0_clk (net)
                  0.03    0.00    0.32 ^ genblk1[1].pipe.this_query[30]$_SDFFE_PP0P_/CLK (sg13g2_dfrbp_1)
     2    0.01    0.04    0.21    0.54 v genblk1[1].pipe.this_query[30]$_SDFFE_PP0P_/Q (sg13g2_dfrbp_1)
                                         genblk1[1].pipe.eps[0][30] (net)
                  0.04    0.00    0.54 v fanout175/A (sg13g2_buf_2)
     4    0.03    0.05    0.11    0.64 v fanout175/X (sg13g2_buf_2)
                                         net255 (net)
                  0.05    0.00    0.64 v fanout174/A (sg13g2_buf_1)
     6    0.03    0.09    0.13    0.77 v fanout174/X (sg13g2_buf_1)
                                         net254 (net)
                  0.09    0.00    0.77 v fanout173/A (sg13g2_buf_2)
     8    0.04    0.07    0.14    0.91 v fanout173/X (sg13g2_buf_2)
                                         net253 (net)
                  0.07    0.00    0.92 v _0775_/A (sg13g2_or4_1)
     1    0.01    0.05    0.22    1.13 v _0775_/X (sg13g2_or4_1)
                                         _0319_ (net)
                  0.05    0.00    1.13 v _0776_/A2 (sg13g2_a21oi_1)
     2    0.01    0.12    0.12    1.26 ^ _0776_/Y (sg13g2_a21oi_1)
                                         _0320_ (net)
                  0.12    0.00    1.26 ^ _0777_/C1 (sg13g2_a221oi_1)
     2    0.01    0.11    0.08    1.34 v _0777_/Y (sg13g2_a221oi_1)
                                         _0321_ (net)
                  0.11    0.00    1.34 v _0789_/A2 (sg13g2_o21ai_1)
     5    0.03    0.36    0.33    1.66 ^ _0789_/Y (sg13g2_o21ai_1)
                                         _0333_ (net)
                  0.36    0.00    1.67 ^ _0796_/S (sg13g2_mux2_1)
     1    0.01    0.05    0.25    1.91 v _0796_/X (sg13g2_mux2_1)
                                         _0340_ (net)
                  0.05    0.00    1.91 v _0798_/B2 (sg13g2_a221oi_1)
     2    0.01    0.21    0.22    2.13 ^ _0798_/Y (sg13g2_a221oi_1)
                                         _0342_ (net)
                  0.21    0.00    2.13 ^ _0800_/A2 (sg13g2_a21oi_1)
     1    0.00    0.07    0.12    2.25 v _0800_/Y (sg13g2_a21oi_1)
                                         _0344_ (net)
                  0.07    0.00    2.25 v _0832_/A1 (sg13g2_o21ai_1)
     1    0.01    0.10    0.12    2.37 ^ _0832_/Y (sg13g2_o21ai_1)
                                         _0376_ (net)
                  0.10    0.00    2.37 ^ _0840_/A0 (sg13g2_mux2_1)
     1    0.01    0.04    0.12    2.50 ^ _0840_/X (sg13g2_mux2_1)
                                         _0046_ (net)
                  0.04    0.00    2.50 ^ genblk1[1].pipe.result[12]$_DFFE_PP_/D (sg13g2_dfrbp_1)
                                  2.50   data arrival time

                          5.00    5.00   clock core_clock (rise edge)
                          0.00    5.00   clock source latency
     1    0.04    0.00    0.00    5.00 ^ clk (in)
                                         clk (net)
                  0.01    0.01    5.01 ^ clkbuf_0_clk/A (sg13g2_buf_8)
    16    0.35    0.18    0.17    5.17 ^ clkbuf_0_clk/X (sg13g2_buf_8)
                                         clknet_0_clk (net)
                  0.19    0.02    5.20 ^ clkbuf_4_14_0_clk/A (sg13g2_buf_16)
     5    0.03    0.03    0.13    5.32 ^ clkbuf_4_14_0_clk/X (sg13g2_buf_16)
                                         clknet_4_14_0_clk (net)
                  0.03    0.00    5.32 ^ genblk1[1].pipe.result[12]$_DFFE_PP_/CLK (sg13g2_dfrbp_1)
                          0.00    5.32   clock reconvergence pessimism
                         -0.11    5.21   library setup time
                                  5.21   data required time
-----------------------------------------------------------------------------
                                  5.21   data required time
                                 -2.50   data arrival time
-----------------------------------------------------------------------------
                                  2.72   slack (MET)



==========================================================================
global route report_checks -unconstrained
--------------------------------------------------------------------------
Startpoint: genblk1[1].pipe.this_query[30]$_SDFFE_PP0P_
            (rising edge-triggered flip-flop clocked by core_clock)
Endpoint: genblk1[1].pipe.result[12]$_DFFE_PP_
          (rising edge-triggered flip-flop clocked by core_clock)
Path Group: core_clock
Path Type: max

Fanout     Cap    Slew   Delay    Time   Description
-----------------------------------------------------------------------------
                          0.00    0.00   clock core_clock (rise edge)
                          0.00    0.00   clock source latency
     1    0.04    0.00    0.00    0.00 ^ clk (in)
                                         clk (net)
                  0.01    0.01    0.01 ^ clkbuf_0_clk/A (sg13g2_buf_8)
    16    0.35    0.18    0.17    0.17 ^ clkbuf_0_clk/X (sg13g2_buf_8)
                                         clknet_0_clk (net)
                  0.19    0.02    0.19 ^ clkbuf_4_13_0_clk/A (sg13g2_buf_16)
     5    0.03    0.03    0.13    0.32 ^ clkbuf_4_13_0_clk/X (sg13g2_buf_16)
                                         clknet_4_13_0_clk (net)
                  0.03    0.00    0.32 ^ genblk1[1].pipe.this_query[30]$_SDFFE_PP0P_/CLK (sg13g2_dfrbp_1)
     2    0.01    0.04    0.21    0.54 v genblk1[1].pipe.this_query[30]$_SDFFE_PP0P_/Q (sg13g2_dfrbp_1)
                                         genblk1[1].pipe.eps[0][30] (net)
                  0.04    0.00    0.54 v fanout175/A (sg13g2_buf_2)
     4    0.03    0.05    0.11    0.64 v fanout175/X (sg13g2_buf_2)
                                         net255 (net)
                  0.05    0.00    0.64 v fanout174/A (sg13g2_buf_1)
     6    0.03    0.09    0.13    0.77 v fanout174/X (sg13g2_buf_1)
                                         net254 (net)
                  0.09    0.00    0.77 v fanout173/A (sg13g2_buf_2)
     8    0.04    0.07    0.14    0.91 v fanout173/X (sg13g2_buf_2)
                                         net253 (net)
                  0.07    0.00    0.92 v _0775_/A (sg13g2_or4_1)
     1    0.01    0.05    0.22    1.13 v _0775_/X (sg13g2_or4_1)
                                         _0319_ (net)
                  0.05    0.00    1.13 v _0776_/A2 (sg13g2_a21oi_1)
     2    0.01    0.12    0.12    1.26 ^ _0776_/Y (sg13g2_a21oi_1)
                                         _0320_ (net)
                  0.12    0.00    1.26 ^ _0777_/C1 (sg13g2_a221oi_1)
     2    0.01    0.11    0.08    1.34 v _0777_/Y (sg13g2_a221oi_1)
                                         _0321_ (net)
                  0.11    0.00    1.34 v _0789_/A2 (sg13g2_o21ai_1)
     5    0.03    0.36    0.33    1.66 ^ _0789_/Y (sg13g2_o21ai_1)
                                         _0333_ (net)
                  0.36    0.00    1.67 ^ _0796_/S (sg13g2_mux2_1)
     1    0.01    0.05    0.25    1.91 v _0796_/X (sg13g2_mux2_1)
                                         _0340_ (net)
                  0.05    0.00    1.91 v _0798_/B2 (sg13g2_a221oi_1)
     2    0.01    0.21    0.22    2.13 ^ _0798_/Y (sg13g2_a221oi_1)
                                         _0342_ (net)
                  0.21    0.00    2.13 ^ _0800_/A2 (sg13g2_a21oi_1)
     1    0.00    0.07    0.12    2.25 v _0800_/Y (sg13g2_a21oi_1)
                                         _0344_ (net)
                  0.07    0.00    2.25 v _0832_/A1 (sg13g2_o21ai_1)
     1    0.01    0.10    0.12    2.37 ^ _0832_/Y (sg13g2_o21ai_1)
                                         _0376_ (net)
                  0.10    0.00    2.37 ^ _0840_/A0 (sg13g2_mux2_1)
     1    0.01    0.04    0.12    2.50 ^ _0840_/X (sg13g2_mux2_1)
                                         _0046_ (net)
                  0.04    0.00    2.50 ^ genblk1[1].pipe.result[12]$_DFFE_PP_/D (sg13g2_dfrbp_1)
                                  2.50   data arrival time

                          5.00    5.00   clock core_clock (rise edge)
                          0.00    5.00   clock source latency
     1    0.04    0.00    0.00    5.00 ^ clk (in)
                                         clk (net)
                  0.01    0.01    5.01 ^ clkbuf_0_clk/A (sg13g2_buf_8)
    16    0.35    0.18    0.17    5.17 ^ clkbuf_0_clk/X (sg13g2_buf_8)
                                         clknet_0_clk (net)
                  0.19    0.02    5.20 ^ clkbuf_4_14_0_clk/A (sg13g2_buf_16)
     5    0.03    0.03    0.13    5.32 ^ clkbuf_4_14_0_clk/X (sg13g2_buf_16)
                                         clknet_4_14_0_clk (net)
                  0.03    0.00    5.32 ^ genblk1[1].pipe.result[12]$_DFFE_PP_/CLK (sg13g2_dfrbp_1)
                          0.00    5.32   clock reconvergence pessimism
                         -0.11    5.21   library setup time
                                  5.21   data required time
-----------------------------------------------------------------------------
                                  5.21   data required time
                                 -2.50   data arrival time
-----------------------------------------------------------------------------
                                  2.72   slack (MET)



==========================================================================
global route report_check_types -max_slew -max_cap -max_fanout -violators
--------------------------------------------------------------------------
max fanout

Pin                                   Limit Fanout  Slack
---------------------------------------------------------
clkbuf_0_clk/X                            8     16     -8 (VIOLATED)


==========================================================================
global route max_slew_check_slack
--------------------------------------------------------------------------
2.048173666000366

==========================================================================
global route max_slew_check_limit
--------------------------------------------------------------------------
2.5074000358581543

==========================================================================
global route max_slew_check_slack_limit
--------------------------------------------------------------------------
0.8169

==========================================================================
global route max_fanout_check_slack
--------------------------------------------------------------------------
-8.0

==========================================================================
global route max_fanout_check_limit
--------------------------------------------------------------------------
8.0

==========================================================================
global route max_fanout_check_slack_limit
--------------------------------------------------------------------------
-1.0000

==========================================================================
global route max_capacitance_check_slack
--------------------------------------------------------------------------
0.2524477243423462

==========================================================================
global route max_capacitance_check_limit
--------------------------------------------------------------------------
0.30000001192092896

==========================================================================
global route max_capacitance_check_slack_limit
--------------------------------------------------------------------------
0.8415

==========================================================================
global route max_slew_violation_count
--------------------------------------------------------------------------
max slew violation count 0

==========================================================================
global route max_fanout_violation_count
--------------------------------------------------------------------------
max fanout violation count 1

==========================================================================
global route max_cap_violation_count
--------------------------------------------------------------------------
max cap violation count 0

==========================================================================
global route setup_violation_count
--------------------------------------------------------------------------
setup violation count 0

==========================================================================
global route hold_violation_count
--------------------------------------------------------------------------
hold violation count 0

==========================================================================
global route report_checks -path_delay max reg to reg
--------------------------------------------------------------------------
Startpoint: genblk1[1].pipe.this_query[30]$_SDFFE_PP0P_
            (rising edge-triggered flip-flop clocked by core_clock)
Endpoint: genblk1[1].pipe.result[12]$_DFFE_PP_
          (rising edge-triggered flip-flop clocked by core_clock)
Path Group: core_clock
Path Type: max

  Delay    Time   Description
---------------------------------------------------------
   0.00    0.00   clock core_clock (rise edge)
   0.00    0.00   clock source latency
   0.00    0.00 ^ clk (in)
   0.17    0.17 ^ clkbuf_0_clk/X (sg13g2_buf_8)
   0.15    0.32 ^ clkbuf_4_13_0_clk/X (sg13g2_buf_16)
   0.00    0.32 ^ genblk1[1].pipe.this_query[30]$_SDFFE_PP0P_/CLK (sg13g2_dfrbp_1)
   0.21    0.54 v genblk1[1].pipe.this_query[30]$_SDFFE_PP0P_/Q (sg13g2_dfrbp_1)
   0.11    0.64 v fanout175/X (sg13g2_buf_2)
   0.13    0.77 v fanout174/X (sg13g2_buf_1)
   0.14    0.91 v fanout173/X (sg13g2_buf_2)
   0.22    1.13 v _0775_/X (sg13g2_or4_1)
   0.12    1.26 ^ _0776_/Y (sg13g2_a21oi_1)
   0.08    1.34 v _0777_/Y (sg13g2_a221oi_1)
   0.33    1.66 ^ _0789_/Y (sg13g2_o21ai_1)
   0.25    1.91 v _0796_/X (sg13g2_mux2_1)
   0.22    2.13 ^ _0798_/Y (sg13g2_a221oi_1)
   0.12    2.25 v _0800_/Y (sg13g2_a21oi_1)
   0.12    2.37 ^ _0832_/Y (sg13g2_o21ai_1)
   0.12    2.50 ^ _0840_/X (sg13g2_mux2_1)
   0.00    2.50 ^ genblk1[1].pipe.result[12]$_DFFE_PP_/D (sg13g2_dfrbp_1)
           2.50   data arrival time

   5.00    5.00   clock core_clock (rise edge)
   0.00    5.00   clock source latency
   0.00    5.00 ^ clk (in)
   0.17    5.17 ^ clkbuf_0_clk/X (sg13g2_buf_8)
   0.15    5.32 ^ clkbuf_4_14_0_clk/X (sg13g2_buf_16)
   0.00    5.32 ^ genblk1[1].pipe.result[12]$_DFFE_PP_/CLK (sg13g2_dfrbp_1)
   0.00    5.32   clock reconvergence pessimism
  -0.11    5.21   library setup time
           5.21   data required time
---------------------------------------------------------
           5.21   data required time
          -2.50   data arrival time
---------------------------------------------------------
           2.72   slack (MET)



==========================================================================
global route report_checks -path_delay min reg to reg
--------------------------------------------------------------------------
Startpoint: genblk1[2].pipe.result[13]$_DFFE_PP_
            (rising edge-triggered flip-flop clocked by core_clock)
Endpoint: genblk1[2].pipe.result[13]$_DFFE_PP_
          (rising edge-triggered flip-flop clocked by core_clock)
Path Group: core_clock
Path Type: min

  Delay    Time   Description
---------------------------------------------------------
   0.00    0.00   clock core_clock (rise edge)
   0.00    0.00   clock source latency
   0.00    0.00 ^ clk (in)
   0.17    0.17 ^ clkbuf_0_clk/X (sg13g2_buf_8)
   0.15    0.32 ^ clkbuf_4_10_0_clk/X (sg13g2_buf_16)
   0.00    0.32 ^ genblk1[2].pipe.result[13]$_DFFE_PP_/CLK (sg13g2_dfrbp_1)
   0.21    0.53 v genblk1[2].pipe.result[13]$_DFFE_PP_/Q (sg13g2_dfrbp_1)
   0.04    0.57 ^ _0929_/Y (sg13g2_nand2_1)
   0.04    0.61 v _0930_/Y (sg13g2_o21ai_1)
   0.00    0.61 v genblk1[2].pipe.result[13]$_DFFE_PP_/D (sg13g2_dfrbp_1)
           0.61   data arrival time

   0.00    0.00   clock core_clock (rise edge)
   0.00    0.00   clock source latency
   0.00    0.00 ^ clk (in)
   0.17    0.17 ^ clkbuf_0_clk/X (sg13g2_buf_8)
   0.15    0.32 ^ clkbuf_4_10_0_clk/X (sg13g2_buf_16)
   0.00    0.32 ^ genblk1[2].pipe.result[13]$_DFFE_PP_/CLK (sg13g2_dfrbp_1)
   0.00    0.32   clock reconvergence pessimism
  -0.03    0.29   library hold time
           0.29   data required time
---------------------------------------------------------
           0.29   data required time
          -0.61   data arrival time
---------------------------------------------------------
           0.32   slack (MET)



==========================================================================
global route critical path target clock latency max path
--------------------------------------------------------------------------
0.3249

==========================================================================
global route critical path target clock latency min path
--------------------------------------------------------------------------
0.3241

==========================================================================
global route critical path source clock latency min path
--------------------------------------------------------------------------
0.0000

==========================================================================
global route critical path delay
--------------------------------------------------------------------------
2.4962

==========================================================================
global route critical path slack
--------------------------------------------------------------------------
2.7151

==========================================================================
global route slack div critical path delay
--------------------------------------------------------------------------
108.769329

==========================================================================
global route report_power
--------------------------------------------------------------------------
Group                  Internal  Switching    Leakage      Total
                          Power      Power      Power      Power (Watts)
----------------------------------------------------------------
Sequential             1.03e-03   4.15e-05   3.89e-08   1.07e-03  50.5%
Combinational          1.48e-04   1.77e-04   8.50e-08   3.25e-04  15.3%
Clock                  4.88e-04   2.37e-04   2.29e-08   7.25e-04  34.2%
Macro                  0.00e+00   0.00e+00   0.00e+00   0.00e+00   0.0%
Pad                    0.00e+00   0.00e+00   0.00e+00   0.00e+00   0.0%
----------------------------------------------------------------
Total                  1.66e-03   4.56e-04   1.47e-07   2.12e-03 100.0%
                          78.5%      21.5%       0.0%
